Archive member included to satisfy reference by file (symbol)

/Applications/Renesas e2 studio with RA FSP v5.5.0/toolchains/arm-gnu-toolchain-13.2.Rel1-darwin-arm64-arm-none-eabi/bin/../lib/gcc/arm-none-eabi/13.2.1/thumb/v8-m.base/nofp/libgcc.a(_clzsi2.o)
                              ./ra/microsoft/azure-rtos/threadx/common/src/tx_thread_system_suspend.o (__clzsi2)
/Applications/Renesas e2 studio with RA FSP v5.5.0/toolchains/arm-gnu-toolchain-13.2.Rel1-darwin-arm64-arm-none-eabi/bin/../lib/gcc/arm-none-eabi/13.2.1/thumb/v8-m.base/nofp/libgcc.a(_muldi3.o)
                              ./ra/fsp/src/bsp/mcu/all/bsp_delay.o (__aeabi_lmul)
/Applications/Renesas e2 studio with RA FSP v5.5.0/toolchains/arm-gnu-toolchain-13.2.Rel1-darwin-arm64-arm-none-eabi/bin/../lib/gcc/arm-none-eabi/13.2.1/../../../../arm-none-eabi/lib/thumb/v8-m.base/nofp/libg_nano.a(libc_a-exit.o)
                              /Applications/Renesas e2 studio with RA FSP v5.5.0/toolchains/arm-gnu-toolchain-13.2.Rel1-darwin-arm64-arm-none-eabi/bin/../lib/gcc/arm-none-eabi/13.2.1/../../../../arm-none-eabi/lib/thumb/v8-m.base/nofp/crt0.o (exit)
/Applications/Renesas e2 studio with RA FSP v5.5.0/toolchains/arm-gnu-toolchain-13.2.Rel1-darwin-arm64-arm-none-eabi/bin/../lib/gcc/arm-none-eabi/13.2.1/../../../../arm-none-eabi/lib/thumb/v8-m.base/nofp/libg_nano.a(libc_a-findfp.o)
                              /Applications/Renesas e2 studio with RA FSP v5.5.0/toolchains/arm-gnu-toolchain-13.2.Rel1-darwin-arm64-arm-none-eabi/bin/../lib/gcc/arm-none-eabi/13.2.1/../../../../arm-none-eabi/lib/thumb/v8-m.base/nofp/libg_nano.a(libc_a-exit.o) (__stdio_exit_handler)
/Applications/Renesas e2 studio with RA FSP v5.5.0/toolchains/arm-gnu-toolchain-13.2.Rel1-darwin-arm64-arm-none-eabi/bin/../lib/gcc/arm-none-eabi/13.2.1/../../../../arm-none-eabi/lib/thumb/v8-m.base/nofp/libg_nano.a(libc_a-fwalk.o)
                              /Applications/Renesas e2 studio with RA FSP v5.5.0/toolchains/arm-gnu-toolchain-13.2.Rel1-darwin-arm64-arm-none-eabi/bin/../lib/gcc/arm-none-eabi/13.2.1/../../../../arm-none-eabi/lib/thumb/v8-m.base/nofp/libg_nano.a(libc_a-findfp.o) (_fwalk_sglue)
/Applications/Renesas e2 studio with RA FSP v5.5.0/toolchains/arm-gnu-toolchain-13.2.Rel1-darwin-arm64-arm-none-eabi/bin/../lib/gcc/arm-none-eabi/13.2.1/../../../../arm-none-eabi/lib/thumb/v8-m.base/nofp/libg_nano.a(libc_a-memset.o)
                              /Applications/Renesas e2 studio with RA FSP v5.5.0/toolchains/arm-gnu-toolchain-13.2.Rel1-darwin-arm64-arm-none-eabi/bin/../lib/gcc/arm-none-eabi/13.2.1/../../../../arm-none-eabi/lib/thumb/v8-m.base/nofp/crt0.o (memset)
/Applications/Renesas e2 studio with RA FSP v5.5.0/toolchains/arm-gnu-toolchain-13.2.Rel1-darwin-arm64-arm-none-eabi/bin/../lib/gcc/arm-none-eabi/13.2.1/../../../../arm-none-eabi/lib/thumb/v8-m.base/nofp/libg_nano.a(libc_a-impure.o)
                              /Applications/Renesas e2 studio with RA FSP v5.5.0/toolchains/arm-gnu-toolchain-13.2.Rel1-darwin-arm64-arm-none-eabi/bin/../lib/gcc/arm-none-eabi/13.2.1/../../../../arm-none-eabi/lib/thumb/v8-m.base/nofp/libg_nano.a(libc_a-findfp.o) (_impure_data)
/Applications/Renesas e2 studio with RA FSP v5.5.0/toolchains/arm-gnu-toolchain-13.2.Rel1-darwin-arm64-arm-none-eabi/bin/../lib/gcc/arm-none-eabi/13.2.1/../../../../arm-none-eabi/lib/thumb/v8-m.base/nofp/libg_nano.a(libc_a-errno.o)
                              ./ra/fsp/src/bsp/mcu/all/bsp_sbrk.o (__errno)
/Applications/Renesas e2 studio with RA FSP v5.5.0/toolchains/arm-gnu-toolchain-13.2.Rel1-darwin-arm64-arm-none-eabi/bin/../lib/gcc/arm-none-eabi/13.2.1/../../../../arm-none-eabi/lib/thumb/v8-m.base/nofp/libg_nano.a(libc_a-init.o)
                              /Applications/Renesas e2 studio with RA FSP v5.5.0/toolchains/arm-gnu-toolchain-13.2.Rel1-darwin-arm64-arm-none-eabi/bin/../lib/gcc/arm-none-eabi/13.2.1/../../../../arm-none-eabi/lib/thumb/v8-m.base/nofp/crt0.o (__libc_init_array)
/Applications/Renesas e2 studio with RA FSP v5.5.0/toolchains/arm-gnu-toolchain-13.2.Rel1-darwin-arm64-arm-none-eabi/bin/../lib/gcc/arm-none-eabi/13.2.1/../../../../arm-none-eabi/lib/thumb/v8-m.base/nofp/libg_nano.a(libc_a-lock.o)
                              /Applications/Renesas e2 studio with RA FSP v5.5.0/toolchains/arm-gnu-toolchain-13.2.Rel1-darwin-arm64-arm-none-eabi/bin/../lib/gcc/arm-none-eabi/13.2.1/../../../../arm-none-eabi/lib/thumb/v8-m.base/nofp/libg_nano.a(libc_a-findfp.o) (__retarget_lock_init_recursive)
/Applications/Renesas e2 studio with RA FSP v5.5.0/toolchains/arm-gnu-toolchain-13.2.Rel1-darwin-arm64-arm-none-eabi/bin/../lib/gcc/arm-none-eabi/13.2.1/../../../../arm-none-eabi/lib/thumb/v8-m.base/nofp/libg_nano.a(libc_a-memcpy-stub.o)
                              ./ra/fsp/src/bsp/cmsis/Device/RENESAS/Source/system.o (memcpy)
[...]
Memory Configuration

Name             Origin             Length             Attributes
ITCM             0x00000000         0x00000000         xr
DTCM             0x00000000         0x00000000         xrw
FLASH            0x00000000         0x00010000         xr
RAM              0x20004000         0x00003000         xrw
DATA_FLASH       0x40100000         0x00000400         xr
QSPI_FLASH       0x60000000         0x00000000         xr
OSPI_DEVICE_0    0x80020000         0x00000000         xr
OSPI_DEVICE_1    0x80030000         0x00000000         xr
OSPI_DEVICE_0_RAM 0x80020000         0x00000000         xrw
OSPI_DEVICE_1_RAM 0x80030000         0x00000000         xrw
SDRAM            0x80010000         0x00000000         xrw
OPTION_SETTING   0x00000000         0x00000000         r
OPTION_SETTING_OFS 0x00000000         0x00000018         r
OPTION_SETTING_SAS 0x00000034         0x00000000         r
OPTION_SETTING_S 0x80000000         0x00000000         r
ID_CODE          0x01010018         0x00000020         xr
*default*        0x00000000         0xffffffff

Linker script and memory map

LOAD /Applications/Renesas e2 studio with RA FSP v5.5.0/toolchains/arm-gnu-toolchain-13.2.Rel1-darwin-arm64-arm-none-eabi/bin/../lib/gcc/arm-none-eabi/13.2.1/thumb/v8-m.base/nofp/crti.o
LOAD /Applications/Renesas e2 studio with RA FSP v5.5.0/toolchains/arm-gnu-toolchain-13.2.Rel1-darwin-arm64-arm-none-eabi/bin/../lib/gcc/arm-none-eabi/13.2.1/thumb/v8-m.base/nofp/crtbegin.o
LOAD /Applications/Renesas e2 studio with RA FSP v5.5.0/toolchains/arm-gnu-toolchain-13.2.Rel1-darwin-arm64-arm-none-eabi/bin/../lib/gcc/arm-none-eabi/13.2.1/../../../../arm-none-eabi/lib/thumb/v8-m.base/nofp/crt0.o
START GROUP
LOAD ./src/blinky_thread_entry.o
LOAD ./src/globals.o
LOAD ./src/hal_entry.o
LOAD ./src/led_rate_thread_entry.o
LOAD ./ra_gen/blinky_thread.o
LOAD ./ra_gen/common_data.o
LOAD ./ra_gen/hal_data.o
LOAD ./ra_gen/led_rate_thread.o
LOAD ./ra_gen/main.o
LOAD ./ra_gen/pin_data.o
LOAD ./ra_gen/vector_data.o
LOAD ./ra/microsoft/azure-rtos/threadx/common/src/tx_block_allocate.o
LOAD ./ra/microsoft/azure-rtos/threadx/common/src/tx_block_pool_cleanup.o
LOAD ./ra/microsoft/azure-rtos/threadx/common/src/tx_block_pool_create.o
LOAD ./ra/microsoft/azure-rtos/threadx/common/src/tx_block_pool_delete.o
LOAD ./ra/microsoft/azure-rtos/threadx/common/src/tx_block_pool_info_get.o
LOAD ./ra/microsoft/azure-rtos/threadx/common/src/tx_block_pool_initialize.o
LOAD ./ra/microsoft/azure-rtos/threadx/common/src/tx_block_pool_performance_info_get.o
LOAD ./ra/microsoft/azure-rtos/threadx/common/src/tx_block_pool_performance_system_info_get.o
LOAD ./ra/microsoft/azure-rtos/threadx/common/src/tx_block_pool_prioritize.o
LOAD ./ra/microsoft/azure-rtos/threadx/common/src/tx_block_release.o
LOAD ./ra/microsoft/azure-rtos/threadx/common/src/tx_byte_allocate.o
LOAD ./ra/microsoft/azure-rtos/threadx/common/src/tx_byte_pool_cleanup.o
LOAD ./ra/microsoft/azure-rtos/threadx/common/src/tx_byte_pool_create.o
LOAD ./ra/microsoft/azure-rtos/threadx/common/src/tx_byte_pool_delete.o
LOAD ./ra/microsoft/azure-rtos/threadx/common/src/tx_byte_pool_info_get.o
LOAD ./ra/microsoft/azure-rtos/threadx/common/src/tx_byte_pool_initialize.o
LOAD ./ra/microsoft/azure-rtos/threadx/common/src/tx_byte_pool_performance_info_get.o
LOAD ./ra/microsoft/azure-rtos/threadx/common/src/tx_byte_pool_performance_system_info_get.o
LOAD ./ra/microsoft/azure-rtos/threadx/common/src/tx_byte_pool_prioritize.o
LOAD ./ra/microsoft/azure-rtos/threadx/common/src/tx_byte_pool_search.o
LOAD ./ra/microsoft/azure-rtos/threadx/common/src/tx_byte_release.o
LOAD ./ra/microsoft/azure-rtos/threadx/common/src/tx_event_flags_cleanup.o
LOAD ./ra/microsoft/azure-rtos/threadx/common/src/tx_event_flags_create.o
LOAD ./ra/microsoft/azure-rtos/threadx/common/src/tx_event_flags_delete.o
LOAD ./ra/microsoft/azure-rtos/threadx/common/src/tx_event_flags_get.o
LOAD ./ra/microsoft/azure-rtos/threadx/common/src/tx_event_flags_info_get.o
LOAD ./ra/microsoft/azure-rtos/threadx/common/src/tx_event_flags_initialize.o
LOAD ./ra/microsoft/azure-rtos/threadx/common/src/tx_event_flags_performance_info_get.o
LOAD ./ra/microsoft/azure-rtos/threadx/common/src/tx_event_flags_performance_system_info_get.o
LOAD ./ra/microsoft/azure-rtos/threadx/common/src/tx_event_flags_set.o
LOAD ./ra/microsoft/azure-rtos/threadx/common/src/tx_event_flags_set_notify.o
LOAD ./ra/microsoft/azure-rtos/threadx/common/src/tx_initialize_high_level.o
LOAD ./ra/microsoft/azure-rtos/threadx/common/src/tx_initialize_kernel_enter.o
LOAD ./ra/microsoft/azure-rtos/threadx/common/src/tx_initialize_kernel_setup.o
LOAD ./ra/microsoft/azure-rtos/threadx/common/src/tx_mutex_cleanup.o
LOAD ./ra/microsoft/azure-rtos/threadx/common/src/tx_mutex_create.o
LOAD ./ra/microsoft/azure-rtos/threadx/common/src/tx_mutex_delete.o
LOAD ./ra/microsoft/azure-rtos/threadx/common/src/tx_mutex_get.o
LOAD ./ra/microsoft/azure-rtos/threadx/common/src/tx_mutex_info_get.o
LOAD ./ra/microsoft/azure-rtos/threadx/common/src/tx_mutex_initialize.o
LOAD ./ra/microsoft/azure-rtos/threadx/common/src/tx_mutex_performance_info_get.o
LOAD ./ra/microsoft/azure-rtos/threadx/common/src/tx_mutex_performance_system_info_get.o
LOAD ./ra/microsoft/azure-rtos/threadx/common/src/tx_mutex_prioritize.o
LOAD ./ra/microsoft/azure-rtos/threadx/common/src/tx_mutex_priority_change.o
LOAD ./ra/microsoft/azure-rtos/threadx/common/src/tx_mutex_put.o
LOAD ./ra/microsoft/azure-rtos/threadx/common/src/tx_queue_cleanup.o
LOAD ./ra/microsoft/azure-rtos/threadx/common/src/tx_queue_create.o
LOAD ./ra/microsoft/azure-rtos/threadx/common/src/tx_queue_delete.o
LOAD ./ra/microsoft/azure-rtos/threadx/common/src/tx_queue_flush.o
LOAD ./ra/microsoft/azure-rtos/threadx/common/src/tx_queue_front_send.o
LOAD ./ra/microsoft/azure-rtos/threadx/common/src/tx_queue_info_get.o
LOAD ./ra/microsoft/azure-rtos/threadx/common/src/tx_queue_initialize.o
LOAD ./ra/microsoft/azure-rtos/threadx/common/src/tx_queue_performance_info_get.o
LOAD ./ra/microsoft/azure-rtos/threadx/common/src/tx_queue_performance_system_info_get.o
LOAD ./ra/microsoft/azure-rtos/threadx/common/src/tx_queue_prioritize.o
LOAD ./ra/microsoft/azure-rtos/threadx/common/src/tx_queue_receive.o
LOAD ./ra/microsoft/azure-rtos/threadx/common/src/tx_queue_send.o
LOAD ./ra/microsoft/azure-rtos/threadx/common/src/tx_queue_send_notify.o
LOAD ./ra/microsoft/azure-rtos/threadx/common/src/tx_semaphore_ceiling_put.o
LOAD ./ra/microsoft/azure-rtos/threadx/common/src/tx_semaphore_cleanup.o
LOAD ./ra/microsoft/azure-rtos/threadx/common/src/tx_semaphore_create.o
LOAD ./ra/microsoft/azure-rtos/threadx/common/src/tx_semaphore_delete.o
LOAD ./ra/microsoft/azure-rtos/threadx/common/src/tx_semaphore_get.o
LOAD ./ra/microsoft/azure-rtos/threadx/common/src/tx_semaphore_info_get.o
LOAD ./ra/microsoft/azure-rtos/threadx/common/src/tx_semaphore_initialize.o
LOAD ./ra/microsoft/azure-rtos/threadx/common/src/tx_semaphore_performance_info_get.o
LOAD ./ra/microsoft/azure-rtos/threadx/common/src/tx_semaphore_performance_system_info_get.o
LOAD ./ra/microsoft/azure-rtos/threadx/common/src/tx_semaphore_prioritize.o
LOAD ./ra/microsoft/azure-rtos/threadx/common/src/tx_semaphore_put.o
LOAD ./ra/microsoft/azure-rtos/threadx/common/src/tx_semaphore_put_notify.o
LOAD ./ra/microsoft/azure-rtos/threadx/common/src/tx_thread_create.o
LOAD ./ra/microsoft/azure-rtos/threadx/common/src/tx_thread_delete.o
LOAD ./ra/microsoft/azure-rtos/threadx/common/src/tx_thread_entry_exit_notify.o
LOAD ./ra/microsoft/azure-rtos/threadx/common/src/tx_thread_identify.o
LOAD ./ra/microsoft/azure-rtos/threadx/common/src/tx_thread_info_get.o
LOAD ./ra/microsoft/azure-rtos/threadx/common/src/tx_thread_initialize.o
LOAD ./ra/microsoft/azure-rtos/threadx/common/src/tx_thread_performance_info_get.o
LOAD ./ra/microsoft/azure-rtos/threadx/common/src/tx_thread_performance_system_info_get.o
LOAD ./ra/microsoft/azure-rtos/threadx/common/src/tx_thread_preemption_change.o
LOAD ./ra/microsoft/azure-rtos/threadx/common/src/tx_thread_priority_change.o
LOAD ./ra/microsoft/azure-rtos/threadx/common/src/tx_thread_relinquish.o
LOAD ./ra/microsoft/azure-rtos/threadx/common/src/tx_thread_reset.o
LOAD ./ra/microsoft/azure-rtos/threadx/common/src/tx_thread_resume.o
LOAD ./ra/microsoft/azure-rtos/threadx/common/src/tx_thread_shell_entry.o
LOAD ./ra/microsoft/azure-rtos/threadx/common/src/tx_thread_sleep.o
LOAD ./ra/microsoft/azure-rtos/threadx/common/src/tx_thread_stack_analyze.o
LOAD ./ra/microsoft/azure-rtos/threadx/common/src/tx_thread_stack_error_handler.o
LOAD ./ra/microsoft/azure-rtos/threadx/common/src/tx_thread_stack_error_notify.o
LOAD ./ra/microsoft/azure-rtos/threadx/common/src/tx_thread_suspend.o
LOAD ./ra/microsoft/azure-rtos/threadx/common/src/tx_thread_system_preempt_check.o
LOAD ./ra/microsoft/azure-rtos/threadx/common/src/tx_thread_system_resume.o
LOAD ./ra/microsoft/azure-rtos/threadx/common/src/tx_thread_system_suspend.o
LOAD ./ra/microsoft/azure-rtos/threadx/common/src/tx_thread_terminate.o
LOAD ./ra/microsoft/azure-rtos/threadx/common/src/tx_thread_time_slice.o
LOAD ./ra/microsoft/azure-rtos/threadx/common/src/tx_thread_time_slice_change.o
LOAD ./ra/microsoft/azure-rtos/threadx/common/src/tx_thread_timeout.o
LOAD ./ra/microsoft/azure-rtos/threadx/common/src/tx_thread_wait_abort.o
LOAD ./ra/microsoft/azure-rtos/threadx/common/src/tx_time_get.o
LOAD ./ra/microsoft/azure-rtos/threadx/common/src/tx_time_set.o
LOAD ./ra/microsoft/azure-rtos/threadx/common/src/tx_timer_activate.o
LOAD ./ra/microsoft/azure-rtos/threadx/common/src/tx_timer_change.o
LOAD ./ra/microsoft/azure-rtos/threadx/common/src/tx_timer_create.o
LOAD ./ra/microsoft/azure-rtos/threadx/common/src/tx_timer_deactivate.o
LOAD ./ra/microsoft/azure-rtos/threadx/common/src/tx_timer_delete.o
LOAD ./ra/microsoft/azure-rtos/threadx/common/src/tx_timer_expiration_process.o
LOAD ./ra/microsoft/azure-rtos/threadx/common/src/tx_timer_info_get.o
LOAD ./ra/microsoft/azure-rtos/threadx/common/src/tx_timer_initialize.o
LOAD ./ra/microsoft/azure-rtos/threadx/common/src/tx_timer_performance_info_get.o
LOAD ./ra/microsoft/azure-rtos/threadx/common/src/tx_timer_performance_system_info_get.o
LOAD ./ra/microsoft/azure-rtos/threadx/common/src/tx_timer_system_activate.o
LOAD ./ra/microsoft/azure-rtos/threadx/common/src/tx_timer_system_deactivate.o
LOAD ./ra/microsoft/azure-rtos/threadx/common/src/tx_timer_thread_entry.o
LOAD ./ra/microsoft/azure-rtos/threadx/common/src/tx_trace_buffer_full_notify.o
LOAD ./ra/microsoft/azure-rtos/threadx/common/src/tx_trace_disable.o
LOAD ./ra/microsoft/azure-rtos/threadx/common/src/tx_trace_enable.o
LOAD ./ra/microsoft/azure-rtos/threadx/common/src/tx_trace_event_filter.o
LOAD ./ra/microsoft/azure-rtos/threadx/common/src/tx_trace_event_unfilter.o
LOAD ./ra/microsoft/azure-rtos/threadx/common/src/tx_trace_initialize.o
LOAD ./ra/microsoft/azure-rtos/threadx/common/src/tx_trace_interrupt_control.o
LOAD ./ra/microsoft/azure-rtos/threadx/common/src/tx_trace_isr_enter_insert.o
LOAD ./ra/microsoft/azure-rtos/threadx/common/src/tx_trace_isr_exit_insert.o
LOAD ./ra/microsoft/azure-rtos/threadx/common/src/tx_trace_object_register.o
LOAD ./ra/microsoft/azure-rtos/threadx/common/src/tx_trace_object_unregister.o
LOAD ./ra/microsoft/azure-rtos/threadx/common/src/tx_trace_user_event_insert.o
LOAD ./ra/microsoft/azure-rtos/threadx/common/src/txe_block_allocate.o
LOAD ./ra/microsoft/azure-rtos/threadx/common/src/txe_block_pool_create.o
LOAD ./ra/microsoft/azure-rtos/threadx/common/src/txe_block_pool_delete.o
LOAD ./ra/microsoft/azure-rtos/threadx/common/src/txe_block_pool_info_get.o
LOAD ./ra/microsoft/azure-rtos/threadx/common/src/txe_block_pool_prioritize.o
LOAD ./ra/microsoft/azure-rtos/threadx/common/src/txe_block_release.o
LOAD ./ra/microsoft/azure-rtos/threadx/common/src/txe_byte_allocate.o
LOAD ./ra/microsoft/azure-rtos/threadx/common/src/txe_byte_pool_create.o
LOAD ./ra/microsoft/azure-rtos/threadx/common/src/txe_byte_pool_delete.o
LOAD ./ra/microsoft/azure-rtos/threadx/common/src/txe_byte_pool_info_get.o
LOAD ./ra/microsoft/azure-rtos/threadx/common/src/txe_byte_pool_prioritize.o
LOAD ./ra/microsoft/azure-rtos/threadx/common/src/txe_byte_release.o
LOAD ./ra/microsoft/azure-rtos/threadx/common/src/txe_event_flags_create.o
LOAD ./ra/microsoft/azure-rtos/threadx/common/src/txe_event_flags_delete.o
LOAD ./ra/microsoft/azure-rtos/threadx/common/src/txe_event_flags_get.o
LOAD ./ra/microsoft/azure-rtos/threadx/common/src/txe_event_flags_info_get.o
LOAD ./ra/microsoft/azure-rtos/threadx/common/src/txe_event_flags_set.o
LOAD ./ra/microsoft/azure-rtos/threadx/common/src/txe_event_flags_set_notify.o
LOAD ./ra/microsoft/azure-rtos/threadx/common/src/txe_mutex_create.o
LOAD ./ra/microsoft/azure-rtos/threadx/common/src/txe_mutex_delete.o
LOAD ./ra/microsoft/azure-rtos/threadx/common/src/txe_mutex_get.o
LOAD ./ra/microsoft/azure-rtos/threadx/common/src/txe_mutex_info_get.o
LOAD ./ra/microsoft/azure-rtos/threadx/common/src/txe_mutex_prioritize.o
LOAD ./ra/microsoft/azure-rtos/threadx/common/src/txe_mutex_put.o
LOAD ./ra/microsoft/azure-rtos/threadx/common/src/txe_queue_create.o
LOAD ./ra/microsoft/azure-rtos/threadx/common/src/txe_queue_delete.o
LOAD ./ra/microsoft/azure-rtos/threadx/common/src/txe_queue_flush.o
LOAD ./ra/microsoft/azure-rtos/threadx/common/src/txe_queue_front_send.o
LOAD ./ra/microsoft/azure-rtos/threadx/common/src/txe_queue_info_get.o
LOAD ./ra/microsoft/azure-rtos/threadx/common/src/txe_queue_prioritize.o
LOAD ./ra/microsoft/azure-rtos/threadx/common/src/txe_queue_receive.o
LOAD ./ra/microsoft/azure-rtos/threadx/common/src/txe_queue_send.o
LOAD ./ra/microsoft/azure-rtos/threadx/common/src/txe_queue_send_notify.o
LOAD ./ra/microsoft/azure-rtos/threadx/common/src/txe_semaphore_ceiling_put.o
LOAD ./ra/microsoft/azure-rtos/threadx/common/src/txe_semaphore_create.o
LOAD ./ra/microsoft/azure-rtos/threadx/common/src/txe_semaphore_delete.o
LOAD ./ra/microsoft/azure-rtos/threadx/common/src/txe_semaphore_get.o
LOAD ./ra/microsoft/azure-rtos/threadx/common/src/txe_semaphore_info_get.o
LOAD ./ra/microsoft/azure-rtos/threadx/common/src/txe_semaphore_prioritize.o
LOAD ./ra/microsoft/azure-rtos/threadx/common/src/txe_semaphore_put.o
LOAD ./ra/microsoft/azure-rtos/threadx/common/src/txe_semaphore_put_notify.o
LOAD ./ra/microsoft/azure-rtos/threadx/common/src/txe_thread_create.o
LOAD ./ra/microsoft/azure-rtos/threadx/common/src/txe_thread_delete.o
LOAD ./ra/microsoft/azure-rtos/threadx/common/src/txe_thread_entry_exit_notify.o
LOAD ./ra/microsoft/azure-rtos/threadx/common/src/txe_thread_info_get.o
LOAD ./ra/microsoft/azure-rtos/threadx/common/src/txe_thread_preemption_change.o
LOAD ./ra/microsoft/azure-rtos/threadx/common/src/txe_thread_priority_change.o
LOAD ./ra/microsoft/azure-rtos/threadx/common/src/txe_thread_relinquish.o
LOAD ./ra/microsoft/azure-rtos/threadx/common/src/txe_thread_reset.o
LOAD ./ra/microsoft/azure-rtos/threadx/common/src/txe_thread_resume.o
LOAD ./ra/microsoft/azure-rtos/threadx/common/src/txe_thread_suspend.o
LOAD ./ra/microsoft/azure-rtos/threadx/common/src/txe_thread_terminate.o
LOAD ./ra/microsoft/azure-rtos/threadx/common/src/txe_thread_time_slice_change.o
LOAD ./ra/microsoft/azure-rtos/threadx/common/src/txe_thread_wait_abort.o
LOAD ./ra/microsoft/azure-rtos/threadx/common/src/txe_timer_activate.o
LOAD ./ra/microsoft/azure-rtos/threadx/common/src/txe_timer_change.o
LOAD ./ra/microsoft/azure-rtos/threadx/common/src/txe_timer_create.o
LOAD ./ra/microsoft/azure-rtos/threadx/common/src/txe_timer_deactivate.o
LOAD ./ra/microsoft/azure-rtos/threadx/common/src/txe_timer_delete.o
LOAD ./ra/microsoft/azure-rtos/threadx/common/src/txe_timer_info_get.o
LOAD ./ra/fsp/src/rm_threadx_port/tx_iar.o
LOAD ./ra/fsp/src/rm_threadx_port/tx_initialize_low_level.o
LOAD ./ra/fsp/src/rm_threadx_port/tx_isr_end.o
LOAD ./ra/fsp/src/rm_threadx_port/tx_isr_start.o
LOAD ./ra/fsp/src/rm_threadx_port/tx_port_wait_thread_ready.o
LOAD ./ra/fsp/src/rm_threadx_port/tx_thread_interrupt_control.o
LOAD ./ra/fsp/src/rm_threadx_port/tx_thread_interrupt_disable.o
LOAD ./ra/fsp/src/rm_threadx_port/tx_thread_interrupt_restore.o
LOAD ./ra/fsp/src/rm_threadx_port/tx_thread_schedule.o
LOAD ./ra/fsp/src/rm_threadx_port/tx_thread_secure_stack_allocate.o
LOAD ./ra/fsp/src/rm_threadx_port/tx_thread_secure_stack_free.o
LOAD ./ra/fsp/src/rm_threadx_port/tx_thread_stack_build.o
LOAD ./ra/fsp/src/rm_threadx_port/tx_thread_system_return.o
LOAD ./ra/fsp/src/rm_threadx_port/tx_timer_interrupt.o
LOAD ./ra/fsp/src/rm_threadx_port/txe_thread_secure_stack_allocate.o
LOAD ./ra/fsp/src/rm_threadx_port/txe_thread_secure_stack_free.o
LOAD ./ra/fsp/src/r_ioport/r_ioport.o
LOAD ./ra/fsp/src/r_icu/r_icu.o
LOAD ./ra/fsp/src/bsp/mcu/all/bsp_clocks.o
LOAD ./ra/fsp/src/bsp/mcu/all/bsp_common.o
LOAD ./ra/fsp/src/bsp/mcu/all/bsp_delay.o
LOAD ./ra/fsp/src/bsp/mcu/all/bsp_group_irq.o
LOAD ./ra/fsp/src/bsp/mcu/all/bsp_guard.o
LOAD ./ra/fsp/src/bsp/mcu/all/bsp_io.o
LOAD ./ra/fsp/src/bsp/mcu/all/bsp_irq.o
LOAD ./ra/fsp/src/bsp/mcu/all/bsp_macl.o
LOAD ./ra/fsp/src/bsp/mcu/all/bsp_register_protection.o
LOAD ./ra/fsp/src/bsp/mcu/all/bsp_rom_registers.o
LOAD ./ra/fsp/src/bsp/mcu/all/bsp_sbrk.o
LOAD ./ra/fsp/src/bsp/mcu/all/bsp_sdram.o
LOAD ./ra/fsp/src/bsp/mcu/all/bsp_security.o
LOAD ./ra/fsp/src/bsp/cmsis/Device/RENESAS/Source/startup.o
LOAD ./ra/fsp/src/bsp/cmsis/Device/RENESAS/Source/system.o
LOAD ./ra/board/ra0e1_fpb/board_init.o
LOAD ./ra/board/ra0e1_fpb/board_leds.o
END GROUP
START GROUP
LOAD /Applications/Renesas e2 studio with RA FSP v5.5.0/toolchains/arm-gnu-toolchain-13.2.Rel1-darwin-arm64-arm-none-eabi/bin/../lib/gcc/arm-none-eabi/13.2.1/thumb/v8-m.base/nofp/libgcc.a
LOAD /Applications/Renesas e2 studio with RA FSP v5.5.0/toolchains/arm-gnu-toolchain-13.2.Rel1-darwin-arm64-arm-none-eabi/bin/../lib/gcc/arm-none-eabi/13.2.1/../../../../arm-none-eabi/lib/thumb/v8-m.base/nofp/libg_nano.a
LOAD /Applications/Renesas e2 studio with RA FSP v5.5.0/toolchains/arm-gnu-toolchain-13.2.Rel1-darwin-arm64-arm-none-eabi/bin/../lib/gcc/arm-none-eabi/13.2.1/../../../../arm-none-eabi/lib/thumb/v8-m.base/nofp/libc_nano.a
END GROUP
START GROUP
LOAD /Applications/Renesas e2 studio with RA FSP v5.5.0/toolchains/arm-gnu-toolchain-13.2.Rel1-darwin-arm64-arm-none-eabi/bin/../lib/gcc/arm-none-eabi/13.2.1/thumb/v8-m.base/nofp/libgcc.a
LOAD /Applications/Renesas e2 studio with RA FSP v5.5.0/toolchains/arm-gnu-toolchain-13.2.Rel1-darwin-arm64-arm-none-eabi/bin/../lib/gcc/arm-none-eabi/13.2.1/../../../../arm-none-eabi/lib/thumb/v8-m.base/nofp/libc_nano.a
END GROUP
LOAD /Applications/Renesas e2 studio with RA FSP v5.5.0/toolchains/arm-gnu-toolchain-13.2.Rel1-darwin-arm64-arm-none-eabi/bin/../lib/gcc/arm-none-eabi/13.2.1/thumb/v8-m.base/nofp/crtend.o
LOAD /Applications/Renesas e2 studio with RA FSP v5.5.0/toolchains/arm-gnu-toolchain-13.2.Rel1-darwin-arm64-arm-none-eabi/bin/../lib/gcc/arm-none-eabi/13.2.1/thumb/v8-m.base/nofp/crtn.o
                0x20004000                        RAM_START = 0x20004000
                0x00003000                        RAM_LENGTH = 0x3000
                0x00000000                        FLASH_START = 0x0
                0x00010000                        FLASH_LENGTH = 0x10000
                0x40100000                        DATA_FLASH_START = 0x40100000
                0x00000400                        DATA_FLASH_LENGTH = 0x400
                0x00000000                        OPTION_SETTING_START = 0x0
                0x00000000                        OPTION_SETTING_LENGTH = 0x0
                0x80000000                        OPTION_SETTING_S_START = 0x80000000
                0x00000000                        OPTION_SETTING_S_LENGTH = 0x0
                0x01010018                        ID_CODE_START = 0x1010018
                0x00000020                        ID_CODE_LENGTH = 0x20
                0x80010000                        SDRAM_START = 0x80010000
                0x00000000                        SDRAM_LENGTH = 0x0
                0x60000000                        QSPI_FLASH_START = 0x60000000
                0x00000000                        QSPI_FLASH_LENGTH = 0x0
                0x80020000                        OSPI_DEVICE_0_START = 0x80020000
                0x00000000                        OSPI_DEVICE_0_LENGTH = 0x0
                0x80030000                        OSPI_DEVICE_1_START = 0x80030000
                0x00000000                        OSPI_DEVICE_1_LENGTH = 0x0
                0x00000000                        QSPI_FLASH_PRV_LENGTH = DEFINED (QSPI_FLASH_SIZE)?ABSOLUTE (QSPI_FLASH_SIZE):ABSOLUTE (QSPI_FLASH_LENGTH)
                0x00000000                        OSPI_DEVICE_0_PRV_LENGTH = DEFINED (OSPI_DEVICE_0_SIZE)?ABSOLUTE (OSPI_DEVICE_0_SIZE):ABSOLUTE (OSPI_DEVICE_0_LENGTH)
                0x00000000                        OSPI_DEVICE_1_PRV_LENGTH = DEFINED (OSPI_DEVICE_1_SIZE)?ABSOLUTE (OSPI_DEVICE_1_SIZE):ABSOLUTE (OSPI_DEVICE_1_LENGTH)
                0x00000000                        __RESERVE_NS_RAM = ((! (DEFINED (PROJECT_NONSECURE)) && DEFINED (RAM_NS_BUFFER_LENGTH)) && (OPTION_SETTING_S_LENGTH != 0x0))
                0x00000000                        ITCM_START = DEFINED (ITCM_START)?ITCM_START:0x0
                0x00000000                        ITCM_LENGTH = DEFINED (ITCM_LENGTH)?ITCM_LENGTH:0x0
                0x00000000                        DTCM_START = DEFINED (DTCM_START)?DTCM_START:0x0
                0x00000000                        DTCM_LENGTH = DEFINED (DTCM_LENGTH)?DTCM_LENGTH:0x0
                0x00000000                        RAM_NS_BUFFER_BLOCK_LENGTH = DEFINED (RAM_NS_BUFFER_LENGTH)?ALIGN (RAM_NS_BUFFER_LENGTH, 0x2000):0x0
                0x00000000                        RAM_NS_BUFFER_LENGTH = DEFINED (RAM_NS_BUFFER_LENGTH)?RAM_NS_BUFFER_LENGTH:0x0
                0x20007000                        RAM_NS_BUFFER_START = ((RAM_START + RAM_LENGTH) - RAM_NS_BUFFER_LENGTH)
                0x20007000                        RAM_NS_BUFFER_BLOCK_START = ((RAM_START + RAM_LENGTH) - RAM_NS_BUFFER_BLOCK_LENGTH)
                0x00000080                        OPTION_SETTING_START_NS = DEFINED (PROJECT_NONSECURE)?OPTION_SETTING_START:(OPTION_SETTING_START + 0x80)
                0x00000001                        __bl_FSP_BOOTABLE_IMAGE = 0x1
                0x00000001                        __bln_FSP_BOOTABLE_IMAGE = 0x1
                0x00000000                        PROJECT_SECURE_OR_FLAT = (((! (DEFINED (PROJECT_NONSECURE)) || DEFINED (PROJECT_SECURE)) && OPTION_SETTING_LENGTH) && ! (DEFINED (FSP_BOOTABLE_IMAGE)))
                0x00000000                        USE_OPTION_SETTING_NS = (DEFINED (PROJECT_NONSECURE) && ! (DEFINED (FSP_BOOTABLE_IMAGE)))
                0x00000000                        __bl_FLASH_IMAGE_START = ! (DEFINED (FLASH_BOOTLOADER_LENGTH))?0x0:(FLASH_APPLICATION_IMAGE_NUMBER == 0x1)?((FLASH_START + FLASH_BOOTLOADER_LENGTH) + FLASH_BOOTLOADER_HEADER_LENGTH):(DEFINED (BOOTLOADER_SECONDARY_USE_QSPI) || DEFINED (BOOTLOADER_SECONDARY_USE_OSPI_B))?(((FLASH_START + FLASH_BOOTLOADER_LENGTH) + FLASH_BOOTLOADER_SCRATCH_LENGTH) + FLASH_BOOTLOADER_HEADER_LENGTH):((((FLASH_START + FLASH_BOOTLOADER_LENGTH) + FLASH_BOOTLOADER_SCRATCH_LENGTH) + FLASH_APPLICATION_S_LENGTH) + FLASH_BOOTLOADER_HEADER_LENGTH)
                0x00000000                        __bl_FLASH_IMAGE_LENGTH = ! (DEFINED (FLASH_BOOTLOADER_LENGTH))?0x0:(FLASH_APPLICATION_S_LENGTH - FLASH_BOOTLOADER_HEADER_LENGTH)
                0x00000000                        __bl_FLASH_IMAGE_END = (__bl_FLASH_IMAGE_START + __bl_FLASH_IMAGE_LENGTH)
                0x00000000                        __bl_XIP_SECONDARY_FLASH_IMAGE_START = ! (DEFINED (FLASH_BOOTLOADER_LENGTH))?0x0:(((FLASH_START + FLASH_BOOTLOADER_LENGTH) + FLASH_APPLICATION_S_LENGTH) + FLASH_BOOTLOADER_HEADER_LENGTH)
                0x00000000                        __bl_XIP_SECONDARY_FLASH_IMAGE_END = (__bl_XIP_SECONDARY_FLASH_IMAGE_START + __bl_FLASH_IMAGE_LENGTH)
                0x00000000                        __bl_FLASH_NS_START = ! (DEFINED (FLASH_BOOTLOADER_LENGTH))?0x0:(FLASH_APPLICATION_NS_LENGTH == 0x0)?__bl_FLASH_IMAGE_END:((__bl_FLASH_IMAGE_START - FLASH_BOOTLOADER_HEADER_LENGTH) + FLASH_APPLICATION_S_LENGTH)
                0x00000000                        __bl_FLASH_NSC_START = ! (DEFINED (FLASH_BOOTLOADER_LENGTH))?0x0:(FLASH_APPLICATION_NS_LENGTH == 0x0)?__bl_FLASH_IMAGE_END:(__bl_FLASH_IMAGE_END - FLASH_APPLICATION_NSC_LENGTH)
                0x00000000                        __bl_RAM_NS_START = ! (DEFINED (FLASH_BOOTLOADER_LENGTH))?0x0:(FLASH_APPLICATION_NS_LENGTH == 0x0)?(RAM_START + RAM_LENGTH):((RAM_START + RAM_LENGTH) - RAM_APPLICATION_NS_LENGTH)
                0x00000000                        __bl_RAM_NSC_START = ! (DEFINED (FLASH_BOOTLOADER_LENGTH))?0x0:(FLASH_APPLICATION_NS_LENGTH == 0x0)?(RAM_START + RAM_LENGTH):(__bl_RAM_NS_START - RAM_APPLICATION_NSC_LENGTH)
                0x00000000                        __bl_FLASH_NS_IMAGE_START = ! (DEFINED (FLASH_BOOTLOADER_LENGTH))?0x0:(FLASH_APPLICATION_NS_LENGTH == 0x0)?__bl_FLASH_IMAGE_END:(__bl_FLASH_NS_START + FLASH_BOOTLOADER_HEADER_LENGTH_2)
                0x00000000                        __bln_FLASH_IMAGE_START = (__bl_FLASH_NS_IMAGE_START | ! (DEFINED (NS_OFFSET_START))?0x0:NS_OFFSET_START)
                0x00000000                        __bln_FLASH_IMAGE_LENGTH = ! (DEFINED (FLASH_BOOTLOADER_LENGTH))?0x0:(FLASH_APPLICATION_NS_LENGTH == 0x0)?__bl_FLASH_IMAGE_END:(FLASH_APPLICATION_NS_LENGTH - FLASH_BOOTLOADER_HEADER_LENGTH_2)
                0x00000000                        XIP_SECONDARY_SLOT_IMAGE = DEFINED (XIP_SECONDARY_SLOT_IMAGE)?XIP_SECONDARY_SLOT_IMAGE:0x0
                0x00000000                        FLASH_ORIGIN = ! (DEFINED (FLASH_IMAGE_START))?FLASH_START:(XIP_SECONDARY_SLOT_IMAGE == 0x1)?XIP_SECONDARY_FLASH_IMAGE_START:FLASH_IMAGE_START
                0x00010000                        LIMITED_FLASH_LENGTH = DEFINED (FLASH_IMAGE_LENGTH)?FLASH_IMAGE_LENGTH:DEFINED (FLASH_BOOTLOADER_LENGTH)?FLASH_BOOTLOADER_LENGTH:FLASH_LENGTH
                0x00000034                        OPTION_SETTING_SAS_SIZE = 0x34
                0x00000000                        OPTION_SETTING_SAS_LENGTH = ! (DEFINED (OPTION_SETTING_LENGTH))?0x0:(OPTION_SETTING_LENGTH == 0x0)?0x0:(OPTION_SETTING_LENGTH - OPTION_SETTING_SAS_SIZE)
START GROUP
LOAD /Applications/Renesas e2 studio with RA FSP v5.5.0/toolchains/arm-gnu-toolchain-13.2.Rel1-darwin-arm64-arm-none-eabi/bin/../lib/gcc/arm-none-eabi/13.2.1/thumb/v8-m.base/nofp/libgcc.a
LOAD /Applications/Renesas e2 studio with RA FSP v5.5.0/toolchains/arm-gnu-toolchain-13.2.Rel1-darwin-arm64-arm-none-eabi/bin/../lib/gcc/arm-none-eabi/13.2.1/../../../../arm-none-eabi/lib/thumb/v8-m.base/nofp/libc.a
LOAD /Applications/Renesas e2 studio with RA FSP v5.5.0/toolchains/arm-gnu-toolchain-13.2.Rel1-darwin-arm64-arm-none-eabi/bin/../lib/gcc/arm-none-eabi/13.2.1/../../../../arm-none-eabi/lib/thumb/v8-m.base/nofp/libm.a
END GROUP

.text           0x00000000     0x1954
                0x00000000                        __tz_FLASH_S = ABSOLUTE (FLASH_START)
                0x00000000                        __ROM_Start = .
 *(.fixed_vectors*)
 .fixed_vectors
                0x00000000       0x40 ./ra/fsp/src/bsp/cmsis/Device/RENESAS/Source/startup.o
                0x00000000                __Vectors
 *(.application_vectors*)
 .application_vectors
                0x00000040       0xa8 ./ra_gen/vector_data.o
                0x00000040                g_vector_table
                0x000000e8                        __Vectors_End = .
 *(.flash_gap*)
 .flash_gap     0x000000e8       0x50 ./ra/fsp/src/bsp/mcu/all/bsp_clocks.o
                0x000000e8                SystemCoreClockUpdate
 .flash_gap     0x00000138       0x58 ./ra/fsp/src/bsp/mcu/all/bsp_group_irq.o
                0x0000014c                R_BSP_GroupIrqWrite
                0x0000015c                NMI_Handler
 .flash_gap     0x00000190       0xb0 ./ra/fsp/src/bsp/mcu/all/bsp_irq.o
                0x00000190                R_BSP_IrqClearPending
                0x000001a8                R_BSP_IrqCfg
                0x000001e4                R_BSP_IrqEnableNoClear
                0x000001fc                R_BSP_IrqEnable
                0x0000020c                R_BSP_IrqDisable
                0x0000022c                R_BSP_IrqCfgEnable
                0x0000023c                bsp_irq_cfg
 .flash_gap     0x00000240       0x10 ./ra/fsp/src/bsp/cmsis/Device/RENESAS/Source/startup.o
                0x00000240                BusFault_Handler
                0x00000240                HardFault_Handler
                0x00000240                UsageFault_Handler
                0x00000240                DebugMon_Handler
                0x00000240                SecureFault_Handler
                0x00000240                Default_Handler
                0x00000240                MemManage_Handler
                0x00000240                SVC_Handler
                0x00000244                Reset_Handler
                0x00000400                        . = (OPTION_SETTING_LENGTH > 0x0)?.:(__ROM_Start + 0x400)
 *fill*         0x00000250      0x1b0 ff
 *(.rom_registers*)
 .rom_registers
                0x00000400        0x8 ./ra/fsp/src/bsp/mcu/all/bsp_rom_registers.o
 *(.mcuboot_sce9_key*)
 *(.text*)
 .text.deregister_tm_clones
                0x00000408       0x24 /Applications/Renesas e2 studio with RA FSP v5.5.0/toolchains/arm-gnu-toolchain-13.2.Rel1-darwin-arm64-arm-none-eabi/bin/../lib/gcc/arm-none-eabi/13.2.1/thumb/v8-m.base/nofp/crtbegin.o
 .text.register_tm_clones
                0x0000042c       0x2c /Applications/Renesas e2 studio with RA FSP v5.5.0/toolchains/arm-gnu-toolchain-13.2.Rel1-darwin-arm64-arm-none-eabi/bin/../lib/gcc/arm-none-eabi/13.2.1/thumb/v8-m.base/nofp/crtbegin.o
 .text.__do_global_dtors_aux
                0x00000458       0x30 /Applications/Renesas e2 studio with RA FSP v5.5.0/toolchains/arm-gnu-toolchain-13.2.Rel1-darwin-arm64-arm-none-eabi/bin/../lib/gcc/arm-none-eabi/13.2.1/thumb/v8-m.base/nofp/crtbegin.o
 .text.frame_dummy
                0x00000488       0x28 /Applications/Renesas e2 studio with RA FSP v5.5.0/toolchains/arm-gnu-toolchain-13.2.Rel1-darwin-arm64-arm-none-eabi/bin/../lib/gcc/arm-none-eabi/13.2.1/thumb/v8-m.base/nofp/crtbegin.o
 .text.blinky_thread_entry
                0x000004b0       0xac ./src/blinky_thread_entry.o
                0x000004b0                blinky_thread_entry
 .text.R_BSP_WarmStart
                0x0000055c       0x28 ./src/hal_entry.o
                0x0000055c                R_BSP_WarmStart
 .text.led_rate_thread_entry
                0x00000584       0x3c ./src/led_rate_thread_entry.o
                0x00000584                led_rate_thread_entry
 .text.blinky_thread_func
                0x000005c0        0xc ./ra_gen/blinky_thread.o
 .text.blinky_thread_create
                0x000005cc       0x54 ./ra_gen/blinky_thread.o
                0x000005cc                blinky_thread_create
 .text.g_common_init
                0x00000620       0x24 ./ra_gen/common_data.o
                0x00000620                g_common_init
 .text.g_hal_init
                0x00000644        0x8 ./ra_gen/hal_data.o
                0x00000644                g_hal_init
 .text.led_rate_thread_func
                0x0000064c        0xc ./ra_gen/led_rate_thread.o
 .text.led_rate_thread_create
                0x00000658       0x54 ./ra_gen/led_rate_thread.o
                0x00000658                led_rate_thread_create
 .text.tx_application_define_internal
                0x000006ac        0x2 ./ra_gen/main.o
                0x000006ac                tx_application_define_internal
                0x000006ac                tx_application_define_user
 .text.tx_startup_err_callback_internal
                0x000006ae        0x4 ./ra_gen/main.o
                0x000006ae                tx_startup_err_callback
                0x000006ae                tx_startup_err_callback_internal
 *fill*         0x000006b2        0x2 ff
 .text.tx_application_define
                0x000006b4       0x44 ./ra_gen/main.o
                0x000006b4                tx_application_define
 .text.tx_startup_common_init
                0x000006f8       0x50 ./ra_gen/main.o
                0x000006f8                tx_startup_common_init
 .text.startup.main
                0x00000748        0xa ./ra_gen/main.o
                0x00000748                main
 .text._tx_initialize_high_level
                0x00000752        0xc ./ra/microsoft/azure-rtos/threadx/common/src/tx_initialize_high_level.o
                0x00000752                _tx_initialize_high_level
 *fill*         0x0000075e        0x2 ff
 .text._tx_initialize_kernel_enter
                0x00000760       0x48 ./ra/microsoft/azure-rtos/threadx/common/src/tx_initialize_kernel_enter.o
                0x00000760                _tx_initialize_kernel_enter
 .text._tx_semaphore_cleanup
                0x000007a8       0x80 ./ra/microsoft/azure-rtos/threadx/common/src/tx_semaphore_cleanup.o
                0x000007a8                _tx_semaphore_cleanup
 .text._tx_semaphore_create
                0x00000828       0x54 ./ra/microsoft/azure-rtos/threadx/common/src/tx_semaphore_create.o
                0x00000828                _tx_semaphore_create
 .text._tx_semaphore_get
                0x0000087c       0x88 ./ra/microsoft/azure-rtos/threadx/common/src/tx_semaphore_get.o
                0x0000087c                _tx_semaphore_get
 .text._tx_semaphore_put
                0x00000904       0x54 ./ra/microsoft/azure-rtos/threadx/common/src/tx_semaphore_put.o
                0x00000904                _tx_semaphore_put
 .text._tx_thread_create
                0x00000958      0x12c ./ra/microsoft/azure-rtos/threadx/common/src/tx_thread_create.o
                0x00000958                _tx_thread_create
 .text._tx_thread_initialize
                0x00000a84       0x1c ./ra/microsoft/azure-rtos/threadx/common/src/tx_thread_initialize.o
                0x00000a84                _tx_thread_initialize
 .text._tx_thread_shell_entry
                0x00000aa0       0x48 ./ra/microsoft/azure-rtos/threadx/common/src/tx_thread_shell_entry.o
                0x00000aa0                _tx_thread_shell_entry
 .text._tx_thread_sleep
                0x00000ae8       0x64 ./ra/microsoft/azure-rtos/threadx/common/src/tx_thread_sleep.o
                0x00000ae8                _tx_thread_sleep
 .text._tx_thread_system_preempt_check
                0x00000b4c       0x3c ./ra/microsoft/azure-rtos/threadx/common/src/tx_thread_system_preempt_check.o
                0x00000b4c                _tx_thread_system_preempt_check
 .text._tx_thread_system_return_inline
                0x00000b88       0x20 ./ra/microsoft/azure-rtos/threadx/common/src/tx_thread_system_resume.o
 .text._tx_thread_system_resume
                0x00000ba8       0xc4 ./ra/microsoft/azure-rtos/threadx/common/src/tx_thread_system_resume.o
                0x00000ba8                _tx_thread_system_resume
 .text._tx_thread_system_return_inline
                0x00000c6c       0x20 ./ra/microsoft/azure-rtos/threadx/common/src/tx_thread_system_suspend.o
 .text._tx_thread_system_suspend
                0x00000c8c       0xfc ./ra/microsoft/azure-rtos/threadx/common/src/tx_thread_system_suspend.o
                0x00000c8c                _tx_thread_system_suspend
 .text._tx_thread_time_slice
                0x00000d88       0x60 ./ra/microsoft/azure-rtos/threadx/common/src/tx_thread_time_slice.o
                0x00000d88                _tx_thread_time_slice
 .text._tx_thread_timeout
                0x00000de8       0x38 ./ra/microsoft/azure-rtos/threadx/common/src/tx_thread_timeout.o
                0x00000de8                _tx_thread_timeout
 .text._tx_timer_expiration_process
                0x00000e20       0xf0 ./ra/microsoft/azure-rtos/threadx/common/src/tx_timer_expiration_process.o
                0x00000e20                _tx_timer_expiration_process
 .text._tx_timer_initialize
                0x00000f10       0x30 ./ra/microsoft/azure-rtos/threadx/common/src/tx_timer_initialize.o
                0x00000f10                _tx_timer_initialize
 .text._tx_timer_system_activate
                0x00000f40       0x54 ./ra/microsoft/azure-rtos/threadx/common/src/tx_timer_system_activate.o
                0x00000f40                _tx_timer_system_activate
 .text._tx_timer_system_deactivate
                0x00000f94       0x2a ./ra/microsoft/azure-rtos/threadx/common/src/tx_timer_system_deactivate.o
                0x00000f94                _tx_timer_system_deactivate
 *fill*         0x00000fbe        0x2 ff
 .text._txe_semaphore_create
                0x00000fc0       0x90 ./ra/microsoft/azure-rtos/threadx/common/src/txe_semaphore_create.o
                0x00000fc0                _txe_semaphore_create
 .text._txe_semaphore_get
                0x00001050       0x30 ./ra/microsoft/azure-rtos/threadx/common/src/txe_semaphore_get.o
                0x00001050                _txe_semaphore_get
 .text._txe_semaphore_put
                0x00001080       0x1c ./ra/microsoft/azure-rtos/threadx/common/src/txe_semaphore_put.o
                0x00001080                _txe_semaphore_put
 .text._txe_thread_create
                0x0000109c      0x118 ./ra/microsoft/azure-rtos/threadx/common/src/txe_thread_create.o
                0x0000109c                _txe_thread_create
 .text._tx_initialize_low_level
                0x000011b4       0x88 ./ra/fsp/src/rm_threadx_port/tx_initialize_low_level.o
                0x000011b4                _tx_initialize_low_level
 .text._tx_port_wait_thread_ready
                0x0000123c       0x94 ./ra/fsp/src/rm_threadx_port/tx_port_wait_thread_ready.o
                0x0000123c                _tx_port_wait_thread_ready
 .text._tx_thread_schedule
                0x000012d0       0x1c ./ra/fsp/src/rm_threadx_port/tx_thread_schedule.o
                0x000012d0                _tx_thread_schedule
 .text.PendSV_Handler
                0x000012ec       0x74 ./ra/fsp/src/rm_threadx_port/tx_thread_schedule.o
                0x000012ec                PendSV_Handler
 .text.SysTick_Handler
                0x00001360        0x8 ./ra/fsp/src/rm_threadx_port/tx_thread_schedule.o
                0x00001360                SysTick_Handler
 .text._tx_thread_stack_build
                0x00001368       0x30 ./ra/fsp/src/rm_threadx_port/tx_thread_stack_build.o
                0x00001368                _tx_thread_stack_build
 .text._tx_timer_interrupt
                0x00001398       0xa4 ./ra/fsp/src/rm_threadx_port/tx_timer_interrupt.o
                0x00001398                _tx_timer_interrupt
 .text.R_BSP_PinAccessEnable
                0x0000143c       0x2c ./ra/fsp/src/r_ioport/r_ioport.o
 .text.R_BSP_PinAccessDisable
                0x00001468       0x30 ./ra/fsp/src/r_ioport/r_ioport.o
 .text.r_ioport_pins_config
                0x00001498       0x3c ./ra/fsp/src/r_ioport/r_ioport.o
 .text.R_IOPORT_Open
                0x000014d4       0x14 ./ra/fsp/src/r_ioport/r_ioport.o
                0x000014d4                R_IOPORT_Open
 .text.r_icu_isr
                0x000014e8       0x28 ./ra/fsp/src/r_icu/r_icu.o
                0x000014e8                r_icu_isr
 .text.bsp_prv_operating_mode_flmode_set
                0x00001510       0x48 ./ra/fsp/src/bsp/mcu/all/bsp_clocks.o
 .text.bsp_prv_clock_set
                0x00001558       0x94 ./ra/fsp/src/bsp/mcu/all/bsp_clocks.o
                0x00001558                bsp_prv_clock_set
 .text.R_BSP_SubClockStabilizeWaitAfterReset
                0x000015ec        0x2 ./ra/fsp/src/bsp/mcu/all/bsp_clocks.o
                0x000015ec                R_BSP_SubClockStabilizeWaitAfterReset
 *fill*         0x000015ee        0x2 ff
 .text.bsp_clock_init
                0x000015f0       0xc4 ./ra/fsp/src/bsp/mcu/all/bsp_clocks.o
                0x000015f0                bsp_clock_init
 .text.R_BSP_Init_RTC
                0x000016b4        0x2 ./ra/fsp/src/bsp/mcu/all/bsp_clocks.o
                0x000016b4                R_BSP_Init_RTC
 *fill*         0x000016b6        0x2 ff
 .text.SystemInit
                0x000016b8       0x8c ./ra/fsp/src/bsp/cmsis/Device/RENESAS/Source/system.o
                0x000016b8                SystemInit
 .text.bsp_init
                0x00001744        0x2 ./ra/board/ra0e1_fpb/board_init.o
                0x00001744                bsp_init
 *fill*         0x00001746        0x2 ff
 .text          0x00001748       0x3c /Applications/Renesas e2 studio with RA FSP v5.5.0/toolchains/arm-gnu-toolchain-13.2.Rel1-darwin-arm64-arm-none-eabi/bin/../lib/gcc/arm-none-eabi/13.2.1/thumb/v8-m.base/nofp/libgcc.a(_clzsi2.o)
                0x00001748                __clzsi2
 .text.memset   0x00001784       0x10 /Applications/Renesas e2 studio with RA FSP v5.5.0/toolchains/arm-gnu-toolchain-13.2.Rel1-darwin-arm64-arm-none-eabi/bin/../lib/gcc/arm-none-eabi/13.2.1/../../../../arm-none-eabi/lib/thumb/v8-m.base/nofp/libg_nano.a(libc_a-memset.o)
                0x00001784                memset
 .text.memcpy   0x00001794       0x12 /Applications/Renesas e2 studio with RA FSP v5.5.0/toolchains/arm-gnu-toolchain-13.2.Rel1-darwin-arm64-arm-none-eabi/bin/../lib/gcc/arm-none-eabi/13.2.1/../../../../arm-none-eabi/lib/thumb/v8-m.base/nofp/libg_nano.a(libc_a-memcpy-stub.o)
                0x00001794                memcpy
 *(.version)
 *fill*         0x000017a6        0x2 ff
 .version       0x000017a8       0x50 ./ra/fsp/src/bsp/mcu/all/bsp_common.o
 *(.init)
 .init          0x000017f8        0x4 /Applications/Renesas e2 studio with RA FSP v5.5.0/toolchains/arm-gnu-toolchain-13.2.Rel1-darwin-arm64-arm-none-eabi/bin/../lib/gcc/arm-none-eabi/13.2.1/thumb/v8-m.base/nofp/crti.o
                0x000017f8                _init
 .init          0x000017fc        0x8 /Applications/Renesas e2 studio with RA FSP v5.5.0/toolchains/arm-gnu-toolchain-13.2.Rel1-darwin-arm64-arm-none-eabi/bin/../lib/gcc/arm-none-eabi/13.2.1/thumb/v8-m.base/nofp/crtn.o
 *(.fini)
 .fini          0x00001804        0x4 /Applications/Renesas e2 studio with RA FSP v5.5.0/toolchains/arm-gnu-toolchain-13.2.Rel1-darwin-arm64-arm-none-eabi/bin/../lib/gcc/arm-none-eabi/13.2.1/thumb/v8-m.base/nofp/crti.o
                0x00001804                _fini
 .fini          0x00001808        0x8 /Applications/Renesas e2 studio with RA FSP v5.5.0/toolchains/arm-gnu-toolchain-13.2.Rel1-darwin-arm64-arm-none-eabi/bin/../lib/gcc/arm-none-eabi/13.2.1/thumb/v8-m.base/nofp/crtn.o
 *crtbegin.o(.ctors)
 *crtbegin?.o(.ctors)
 *(EXCLUDE_FILE(*crtend.o *crtend?.o) .ctors)
 *(SORT_BY_NAME(.ctors.*))
 *(.ctors)
 *crtbegin.o(.dtors)
 *crtbegin?.o(.dtors)
 *(EXCLUDE_FILE(*crtend.o *crtend?.o) .dtors)
 *(SORT_BY_NAME(.dtors.*))
 *(.dtors)
 *(.rodata*)
 .rodata.blinky_thread_create.str1.1
                0x00001810       0x40 ./ra_gen/blinky_thread.o
                                  0xe (size before relaxing)
 .rodata.g_common_init.str1.1
                0x00001850        0xe ./ra_gen/common_data.o
 .rodata.led_rate_thread_create.str1.1
                0x00001850       0x10 ./ra_gen/led_rate_thread.o
 .rodata.tx_application_define.str1.1
                0x00001850       0x14 ./ra_gen/main.o
 .rodata.g_bsp_pin_cfg
                0x00001850        0xc ./ra_gen/pin_data.o
                0x00001850                g_bsp_pin_cfg
 .rodata.g_bsp_pin_cfg_data
                0x0000185c       0xe8 ./ra_gen/pin_data.o
                0x0000185c                g_bsp_pin_cfg_data
 .rodata.g_bsp_leds
                0x00001944        0x8 ./ra/board/ra0e1_fpb/board_leds.o
                0x00001944                g_bsp_leds
 .rodata.g_bsp_prv_leds
                0x0000194c        0x4 ./ra/board/ra0e1_fpb/board_leds.o
                0x00001950                        __usb_dev_descriptor_start_fs = .
 *(.usb_device_desc_fs*)
                0x00001950                        __usb_cfg_descriptor_start_fs = .
 *(.usb_config_desc_fs*)
                0x00001950                        __usb_interface_descriptor_start_fs = .
 *(.usb_interface_desc_fs*)
                0x00001950                        __usb_descriptor_end_fs = .
                0x00001950                        __usb_dev_descriptor_start_hs = .
 *(.usb_device_desc_hs*)
                0x00001950                        __usb_cfg_descriptor_start_hs = .
 *(.usb_config_desc_hs*)
                0x00001950                        __usb_interface_descriptor_start_hs = .
 *(.usb_interface_desc_hs*)
                0x00001950                        __usb_descriptor_end_hs = .
 *(.eh_frame*)
 .eh_frame      0x00001950        0x0 /Applications/Renesas e2 studio with RA FSP v5.5.0/toolchains/arm-gnu-toolchain-13.2.Rel1-darwin-arm64-arm-none-eabi/bin/../lib/gcc/arm-none-eabi/13.2.1/thumb/v8-m.base/nofp/crtbegin.o
 .eh_frame      0x00001950        0x4 /Applications/Renesas e2 studio with RA FSP v5.5.0/toolchains/arm-gnu-toolchain-13.2.Rel1-darwin-arm64-arm-none-eabi/bin/../lib/gcc/arm-none-eabi/13.2.1/thumb/v8-m.base/nofp/crtend.o
                0x00001954                        __ROM_End = .
                0x000000e8                        __Vectors_Size = (__Vectors_End - __Vectors)

.glue_7         0x00001954        0x0
 .glue_7        0x00001954        0x0 linker stubs

.glue_7t        0x00001954        0x0
 .glue_7t       0x00001954        0x0 linker stubs

.vfp11_veneer   0x00001954        0x0
 .vfp11_veneer  0x00001954        0x0 linker stubs

.v4_bx          0x00001954        0x0
 .v4_bx         0x00001954        0x0 linker stubs

.iplt           0x00001954        0x0
 .iplt          0x00001954        0x0 /Applications/Renesas e2 studio with RA FSP v5.5.0/toolchains/arm-gnu-toolchain-13.2.Rel1-darwin-arm64-arm-none-eabi/bin/../lib/gcc/arm-none-eabi/13.2.1/thumb/v8-m.base/nofp/crtbegin.o
                0x00001954                        . = .
                0x00001954                        __itcm_data_pre_location = .

.itcm_data      0x00000000        0x0 load address 0x00001960
                0x00000000                        __tz_ITCM_S = ABSOLUTE (ITCM_START)
                0x00000000                        __itcm_data_start = .
 *(.itcm_data*)
                0x00000000                        . = ALIGN (0x8)
                0x00000000                        __itcm_data_end = .
                0x00000000                        __tz_ITCM_N = DEFINED (ITCM_NS_START)?ABSOLUTE (ITCM_NS_START):ALIGN (__itcm_data_end, 0x2000)
                0x00001960                        __itcm_data_init_start = LOADADDR (.itcm_data)
                0x00001960                        __itcm_data_init_end = (LOADADDR (.itcm_data) + SIZEOF (.itcm_data))
                0x00000001                        ASSERT (((ORIGIN (ITCM) % 0x8) == 0x0), ITCM memory region origin must be aligned to 8 bytes.)
                0x00000001                        ASSERT (((LENGTH (ITCM) % 0x8) == 0x0), ITCM memory region length must be a multiple of 8 bytes.)
                0x00000001                        ASSERT (((LOADADDR (.itcm_data) % 0x10) == 0x0), .itcm_data section must be aligned to 16 bytes.)
                0x00000001                        ASSERT (((SIZEOF (.itcm_data) % 0x8) == 0x0), .itcm_data section size must be a multiple of 8 bytes.)
                0x00001954                        . = (SIZEOF (.itcm_data) > 0x0)?__itcm_data_init_end:__itcm_data_pre_location
                0x00001954                        __exidx_start = .

/DISCARD/
 *(.ARM.extab* .gnu.linkonce.armextab.*)
 *(.ARM.exidx* .gnu.linkonce.armexidx.*)
                0x00001954                        __exidx_end = .
                0x00001954                        __etext = .
                0x20004000                        __tz_RAM_S = ORIGIN (RAM)

.fsp_dtc_vector_table
                0x20004000        0x0
                0x20004000                        . = ORIGIN (RAM)
 *(.fsp_dtc_vector_table)

.data           0x20004000       0x10 load address 0x00001954
                0x20004000                        __data_start__ = .
                0x20004000                        . = ALIGN (0x4)
                0x20004000                        __Code_In_RAM_Start = .
 *(.code_in_ram*)
                0x20004000                        __Code_In_RAM_End = .
 *(vtable)
 *(.data.*)
 .data.sleep_ticks
                0x20004000        0x2 ./src/globals.o
                0x20004000                sleep_ticks
 *fill*         0x20004002        0x2 
 .data._tx_thread_system_state
                0x20004004        0x4 ./ra/microsoft/azure-rtos/threadx/common/src/tx_thread_initialize.o
                0x20004004                _tx_thread_system_state
 *(.data)
                0x20004008                        . = ALIGN (0x4)
                0x20004008                        PROVIDE (__preinit_array_start = .)
 *(.preinit_array)
                0x20004008                        PROVIDE (__preinit_array_end = .)
                0x20004008                        . = ALIGN (0x4)
                0x20004008                        PROVIDE (__init_array_start = .)
 *(SORT_BY_NAME(.init_array.*))
 *(.init_array)
 .init_array    0x20004008        0x4 /Applications/Renesas e2 studio with RA FSP v5.5.0/toolchains/arm-gnu-toolchain-13.2.Rel1-darwin-arm64-arm-none-eabi/bin/../lib/gcc/arm-none-eabi/13.2.1/thumb/v8-m.base/nofp/crtbegin.o
                0x2000400c                        PROVIDE (__init_array_end = .)
                0x2000400c                        . = ALIGN (0x4)
                [!provide]                        PROVIDE (__fini_array_start = .)
 *(SORT_BY_NAME(.fini_array.*))
 *(.fini_array)
 .fini_array    0x2000400c        0x4 /Applications/Renesas e2 studio with RA FSP v5.5.0/toolchains/arm-gnu-toolchain-13.2.Rel1-darwin-arm64-arm-none-eabi/bin/../lib/gcc/arm-none-eabi/13.2.1/thumb/v8-m.base/nofp/crtbegin.o
                [!provide]                        PROVIDE (__fini_array_end = .)
 *(.jcr*)
                0x20004010                        . = ALIGN (0x4)
                0x20004010                        __data_end__ = .

.tm_clone_table
                0x20004010        0x0 load address 0x00001964
 .tm_clone_table
                0x20004010        0x0 /Applications/Renesas e2 studio with RA FSP v5.5.0/toolchains/arm-gnu-toolchain-13.2.Rel1-darwin-arm64-arm-none-eabi/bin/../lib/gcc/arm-none-eabi/13.2.1/thumb/v8-m.base/nofp/crtbegin.o
 .tm_clone_table
                0x20004010        0x0 /Applications/Renesas e2 studio with RA FSP v5.5.0/toolchains/arm-gnu-toolchain-13.2.Rel1-darwin-arm64-arm-none-eabi/bin/../lib/gcc/arm-none-eabi/13.2.1/thumb/v8-m.base/nofp/crtend.o

.igot.plt       0x20004010        0x0 load address 0x00001964
 .igot.plt      0x20004010        0x0 /Applications/Renesas e2 studio with RA FSP v5.5.0/toolchains/arm-gnu-toolchain-13.2.Rel1-darwin-arm64-arm-none-eabi/bin/../lib/gcc/arm-none-eabi/13.2.1/thumb/v8-m.base/nofp/crtbegin.o
                0x20004010                        . = .
                0x00001964                        __dtcm_data_pre_location = (LOADADDR (.data) + SIZEOF (.data))

.dtcm_data      0x00000000        0x0 load address 0x00001970
                0x00000000                        __tz_DTCM_S = ABSOLUTE (DTCM_START)
                0x00000000                        __dtcm_data_start = .
 *(.dtcm_data*)
                0x00000000                        . = ALIGN (0x8)
                0x00000000                        __dtcm_data_end = .
                0x00000000                        . = __dtcm_data_end

.dtcm_bss       0x00000000        0x0
                0x00000000                        __dtcm_bss_start = .
 *(.dtcm_bss*)
                0x00000000                        . = ALIGN (0x8)
                0x00000000                        __dtcm_bss_end = .
                0x00000000                        __tz_DTCM_N = DEFINED (DTCM_NS_START)?ABSOLUTE (DTCM_NS_START):ALIGN (__dtcm_bss_end, 0x2000)
                0x00001970                        __dtcm_data_init_start = LOADADDR (.dtcm_data)
                0x00001970                        __dtcm_data_init_end = (LOADADDR (.dtcm_data) + SIZEOF (.dtcm_data))
                0x00000001                        ASSERT (((ORIGIN (DTCM) % 0x8) == 0x0), DTCM memory region origin must be aligned to 8 bytes.)
                0x00000001                        ASSERT (((LENGTH (DTCM) % 0x8) == 0x0), DTCM memory region length must be a multiple of 8 bytes.)
                0x00000001                        ASSERT ((LOADADDR (.dtcm_bss) == ADDR (.dtcm_bss)), .dtcm_bss has (VMA != LMA) but should be NOLOAD (VMA == LMA).)
                0x00000001                        ASSERT (((LOADADDR (.dtcm_data) % 0x10) == 0x0), .dtcm_data section must be aligned to 16 bytes.)
                0x00000001                        ASSERT (((SIZEOF (.dtcm_data) % 0x8) == 0x0), .dtcm_data section size must be a multiple of 8 bytes.)
                0x00000001                        ASSERT (((LOADADDR (.dtcm_bss) % 0x8) == 0x0), .dtcm_bss section must be aligned to 8 bytes.)
                0x00000001                        ASSERT (((SIZEOF (.dtcm_bss) % 0x8) == 0x0), .dtcm_bss section size must be a multiple of 8 bytes.)
                0x00000001                        ASSERT ((__dtcm_bss_start == __dtcm_data_end), .dtcm_bss section is not adjacent to .dtcm_data section.)
                0x00001964                        . = (SIZEOF (.dtcm_data) > 0x0)?__dtcm_data_init_end:__dtcm_data_pre_location
                0x00001964                        sgstubs_pre_location = .
                0x00001c00                        SGSTUBS_LOC = (DEFINED (PROJECT_SECURE) && DEFINED (FLASH_NSC_START))?ABSOLUTE (FLASH_NSC_START):ALIGN (0x400)

.gnu.sgstubs    0x00001c00        0x0
                0x00001c00                        __tz_FLASH_C = DEFINED (FLASH_NSC_START)?ABSOLUTE (FLASH_NSC_START):__RESERVE_NS_RAM?ABSOLUTE ((FLASH_START + FLASH_LENGTH)):ALIGN (0x400)
                0x00001c00                        _start_sg = .
 *(.gnu.sgstubs*)
                0x00001c00                        . = ALIGN (0x20)
                0x00001c00                        _end_sg = .
                0x00008000                        __tz_FLASH_N = DEFINED (FLASH_NS_START)?ABSOLUTE (FLASH_NS_START):__RESERVE_NS_RAM?ABSOLUTE ((FLASH_START + FLASH_LENGTH)):(FLASH_LENGTH < 0x8000)?FLASH_LENGTH:ALIGN (0x8000)
                0x00008000                        FLASH_NS_IMAGE_START = DEFINED (FLASH_NS_IMAGE_START)?FLASH_NS_IMAGE_START:__tz_FLASH_N
                0x60000000                        __tz_QSPI_FLASH_S = ORIGIN (QSPI_FLASH)

.qspi_flash     0x60000000        0x0
                0x60000000                        __qspi_flash_start__ = .
 *(.qspi_flash*)
 *(.code_in_qspi*)
                0x60000000                        __qspi_flash_end__ = .
                0x00000000                        __qspi_flash_code_size__ = (__qspi_flash_end__ - __qspi_flash_start__)
                0x00001964                        __qspi_flash_code_addr__ = sgstubs_pre_location

.qspi_non_retentive
                0x60000000        0x0 load address 0x00001964
                0x60000000                        __qspi_non_retentive_start__ = .
 *(.qspi_non_retentive*)
                0x60000000                        __qspi_non_retentive_end__ = .
                0x00000000                        __qspi_non_retentive_size__ = (__qspi_non_retentive_end__ - __qspi_non_retentive_start__)
                0x04000000                        __qspi_region_max_size__ = 0x4000000
                0x60000000                        __qspi_region_start_address__ = __qspi_flash_start__
                0x64000000                        __qspi_region_end_address__ = (__qspi_flash_start__ + __qspi_region_max_size__)
                0x60000000                        __tz_QSPI_FLASH_N = __qspi_non_retentive_end__

.OSPI_DEVICE_0_NO_LOAD
                0x80020000        0x0
                0x80020000                        . = ALIGN (0x4)
                0x80020000                        __ospi_device_0_start__ = .
 *(.ospi_device_0_no_load*)
                0x80020000                        . = ALIGN (0x4)
                0x80020000                        __ospi_device_0_end__ = .

.OSPI_DEVICE_1_NO_LOAD
                0x80030000        0x0
                0x80030000                        . = ALIGN (0x4)
                0x80030000                        __ospi_device_1_start__ = .
 *(.ospi_device_1_no_load*)
                0x80030000                        . = ALIGN (0x4)
                0x80030000                        __ospi_device_1_end__ = .
                0x80020000                        __tz_OSPI_DEVICE_0_S = ORIGIN (OSPI_DEVICE_0)

.OSPI_DEVICE_0  0x80020000        0x0
                0x80020000                        __ospi_device_0_start__ = .
 *(.ospi_device_0*)
 *(.code_in_ospi_device_0*)
                0x80020000                        __ospi_device_0_end__ = .
                0x00000000                        __ospi_device_0_code_size__ = (__ospi_device_0_end__ - __ospi_device_0_start__)
                0x00001964                        __ospi_device_0_code_addr__ = (sgstubs_pre_location + SIZEOF (.qspi_non_retentive))

.ospi_device_0_non_retentive
                0x80020000        0x0 load address 0x00001964
                0x80020000                        __ospi_device_0_non_retentive_start__ = .
 *(.ospi_device_0_non_retentive*)
                0x80020000                        __ospi_device_0_non_retentive_end__ = .
                0x00000000                        __ospi_device_0_non_retentive_size__ = (__ospi_device_0_non_retentive_end__ - __ospi_device_0_non_retentive_start__)
                0x08000000                        __ospi_device_0_region_max_size__ = 0x8000000
                0x80020000                        __ospi_device_0_region_start_address__ = __ospi_device_0_start__
                0x88020000                        __ospi_device_0_region_end_address__ = (__ospi_device_0_start__ + __ospi_device_0_region_max_size__)
                0x80020000                        __tz_OSPI_DEVICE_0_N = __ospi_device_0_non_retentive_end__
                0x80030000                        __tz_OSPI_DEVICE_1_S = ORIGIN (OSPI_DEVICE_1)

.OSPI_DEVICE_1  0x80030000        0x0
                0x80030000                        __ospi_device_1_start__ = .
 *(.ospi_device_1*)
 *(.code_in_ospi_device_1*)
                0x80030000                        __ospi_device_1_end__ = .
                0x00000000                        __ospi_device_1_code_size__ = (__ospi_device_1_end__ - __ospi_device_1_start__)
                0x00001964                        __ospi_device_1_code_addr__ = (sgstubs_pre_location + (SIZEOF (.qspi_non_retentive) + SIZEOF (.ospi_device_0_non_retentive)))

.ospi_device_1_non_retentive
                0x80030000        0x0 load address 0x00001964
                0x80030000                        __ospi_device_1_non_retentive_start__ = .
 *(.ospi_device_1_non_retentive*)
                0x80030000                        __ospi_device_1_non_retentive_end__ = .
                0x00000000                        __ospi_device_1_non_retentive_size__ = (__ospi_device_1_non_retentive_end__ - __ospi_device_1_non_retentive_start__)
                0x10000000                        __ospi_device_1_region_max_size__ = 0x10000000
                0x80030000                        __ospi_device_1_region_start_address__ = __ospi_device_1_start__
                0x90030000                        __ospi_device_1_region_end_address__ = (__ospi_device_1_start__ + __ospi_device_1_region_max_size__)
                0x80030000                        __tz_OSPI_DEVICE_1_N = __ospi_device_1_non_retentive_end__

.noinit         0x20004010       0x18
                0x20004010                        . = ALIGN (0x4)
                0x20004010                        __noinit_start = .
 *(.noinit*)
 .noinit        0x20004010       0x14 ./ra/fsp/src/bsp/mcu/all/bsp_clocks.o
                0x20004028                        . = ALIGN (0x8)
 *fill*         0x20004024        0x4 
 *(.heap.*)
                0x20004028                        __noinit_end = .

.bss            0x20004028      0x3f8
                0x20004028                        . = ALIGN (0x4)
                0x20004028                        __bss_start__ = .
 *(.bss*)
 .bss.completed.1
                0x20004028        0x1 /Applications/Renesas e2 studio with RA FSP v5.5.0/toolchains/arm-gnu-toolchain-13.2.Rel1-darwin-arm64-arm-none-eabi/bin/../lib/gcc/arm-none-eabi/13.2.1/thumb/v8-m.base/nofp/crtbegin.o
 *fill*         0x20004029        0x3 
 .bss.object.0  0x2000402c       0x18 /Applications/Renesas e2 studio with RA FSP v5.5.0/toolchains/arm-gnu-toolchain-13.2.Rel1-darwin-arm64-arm-none-eabi/bin/../lib/gcc/arm-none-eabi/13.2.1/thumb/v8-m.base/nofp/crtbegin.o
 .bss.blinky_thread
                0x20004044       0xb0 ./ra_gen/blinky_thread.o
                0x20004044                blinky_thread
 .bss.g_sw1_semaphore0
                0x200040f4       0x1c ./ra_gen/common_data.o
                0x200040f4                g_sw1_semaphore0
 .bss.g_ioport_ctrl
                0x20004110        0x8 ./ra_gen/common_data.o
                0x20004110                g_ioport_ctrl
 .bss.led_rate_thread
                0x20004118       0xb0 ./ra_gen/led_rate_thread.o
                0x20004118                led_rate_thread
 .bss.g_fsp_common_initialized_semaphore
                0x200041c8       0x1c ./ra_gen/main.o
                0x200041c8                g_fsp_common_initialized_semaphore
 .bss.g_fsp_common_initialized
                0x200041e4        0x1 ./ra_gen/main.o
                0x200041e4                g_fsp_common_initialized
 *fill*         0x200041e5        0x3 
 .bss.g_fsp_common_thread_count
                0x200041e8        0x4 ./ra_gen/main.o
                0x200041e8                g_fsp_common_thread_count
 .bss._tx_initialize_unused_memory
                0x200041ec        0x4 ./ra/microsoft/azure-rtos/threadx/common/src/tx_initialize_high_level.o
                0x200041ec                _tx_initialize_unused_memory
 .bss._tx_semaphore_created_count
                0x200041f0        0x4 ./ra/microsoft/azure-rtos/threadx/common/src/tx_initialize_high_level.o
                0x200041f0                _tx_semaphore_created_count
 .bss._tx_semaphore_created_ptr
                0x200041f4        0x4 ./ra/microsoft/azure-rtos/threadx/common/src/tx_initialize_high_level.o
                0x200041f4                _tx_semaphore_created_ptr
 .bss._tx_build_options
                0x200041f8        0x4 ./ra/microsoft/azure-rtos/threadx/common/src/tx_thread_initialize.o
                0x200041f8                _tx_build_options
 .bss._tx_thread_mutex_release
                0x200041fc        0x4 ./ra/microsoft/azure-rtos/threadx/common/src/tx_thread_initialize.o
                0x200041fc                _tx_thread_mutex_release
 .bss._tx_thread_preempt_disable
                0x20004200        0x4 ./ra/microsoft/azure-rtos/threadx/common/src/tx_thread_initialize.o
                0x20004200                _tx_thread_preempt_disable
 .bss._tx_thread_priority_list
                0x20004204       0x80 ./ra/microsoft/azure-rtos/threadx/common/src/tx_thread_initialize.o
                0x20004204                _tx_thread_priority_list
 .bss._tx_thread_highest_priority
                0x20004284        0x4 ./ra/microsoft/azure-rtos/threadx/common/src/tx_thread_initialize.o
                0x20004284                _tx_thread_highest_priority
 .bss._tx_thread_priority_maps
                0x20004288        0x4 ./ra/microsoft/azure-rtos/threadx/common/src/tx_thread_initialize.o
                0x20004288                _tx_thread_priority_maps
 .bss._tx_thread_created_count
                0x2000428c        0x4 ./ra/microsoft/azure-rtos/threadx/common/src/tx_thread_initialize.o
                0x2000428c                _tx_thread_created_count
 .bss._tx_thread_created_ptr
                0x20004290        0x4 ./ra/microsoft/azure-rtos/threadx/common/src/tx_thread_initialize.o
                0x20004290                _tx_thread_created_ptr
 .bss._tx_thread_execute_ptr
                0x20004294        0x4 ./ra/microsoft/azure-rtos/threadx/common/src/tx_thread_initialize.o
                0x20004294                _tx_thread_execute_ptr
 .bss._tx_thread_current_ptr
                0x20004298        0x4 ./ra/microsoft/azure-rtos/threadx/common/src/tx_thread_initialize.o
                0x20004298                _tx_thread_current_ptr
 .bss._tx_thread_system_stack_ptr
                0x2000429c        0x4 ./ra/microsoft/azure-rtos/threadx/common/src/tx_thread_initialize.o
                0x2000429c                _tx_thread_system_stack_ptr
 .bss._tx_timer_time_slice
                0x200042a0        0x4 ./ra/microsoft/azure-rtos/threadx/common/src/tx_timer_initialize.o
                0x200042a0                _tx_timer_time_slice
 .bss._tx_timer_processing_active
                0x200042a4        0x4 ./ra/microsoft/azure-rtos/threadx/common/src/tx_timer_initialize.o
                0x200042a4                _tx_timer_processing_active
 .bss._tx_timer_expired_timer_ptr
                0x200042a8        0x4 ./ra/microsoft/azure-rtos/threadx/common/src/tx_timer_initialize.o
                0x200042a8                _tx_timer_expired_timer_ptr
 .bss._tx_timer_expired
                0x200042ac        0x4 ./ra/microsoft/azure-rtos/threadx/common/src/tx_timer_initialize.o
                0x200042ac                _tx_timer_expired
 .bss._tx_timer_current_ptr
                0x200042b0        0x4 ./ra/microsoft/azure-rtos/threadx/common/src/tx_timer_initialize.o
                0x200042b0                _tx_timer_current_ptr
 .bss._tx_timer_list_end
                0x200042b4        0x4 ./ra/microsoft/azure-rtos/threadx/common/src/tx_timer_initialize.o
                0x200042b4                _tx_timer_list_end
 .bss._tx_timer_list_start
                0x200042b8        0x4 ./ra/microsoft/azure-rtos/threadx/common/src/tx_timer_initialize.o
                0x200042b8                _tx_timer_list_start
 .bss._tx_timer_list
                0x200042bc       0x80 ./ra/microsoft/azure-rtos/threadx/common/src/tx_timer_initialize.o
                0x200042bc                _tx_timer_list
 .bss._tx_timer_expired_time_slice
                0x2000433c        0x4 ./ra/microsoft/azure-rtos/threadx/common/src/tx_timer_initialize.o
                0x2000433c                _tx_timer_expired_time_slice
 .bss._tx_timer_system_clock
                0x20004340        0x4 ./ra/microsoft/azure-rtos/threadx/common/src/tx_timer_initialize.o
                0x20004340                _tx_timer_system_clock
 .bss.g_prcr    0x20004344        0x4 ./ra/fsp/src/rm_threadx_port/tx_port_wait_thread_ready.o
 .bss.g_saved_lpm_state
                0x20004348        0x2 ./ra/fsp/src/rm_threadx_port/tx_port_wait_thread_ready.o
 *fill*         0x2000434a        0x2 
 .bss.g_bsp_group_irq_sources
                0x2000434c       0x24 ./ra/fsp/src/bsp/mcu/all/bsp_group_irq.o
                0x2000434c                g_bsp_group_irq_sources
 .bss.g_protect_pfswe_counter
                0x20004370        0x4 ./ra/fsp/src/bsp/mcu/all/bsp_io.o
                0x20004370                g_protect_pfswe_counter
 .bss.gp_renesas_isr_context
                0x20004374       0xa8 ./ra/fsp/src/bsp/mcu/all/bsp_irq.o
                0x20004374                gp_renesas_isr_context
 .bss.SystemCoreClock
                0x2000441c        0x4 ./ra/fsp/src/bsp/cmsis/Device/RENESAS/Source/system.o
                0x2000441c                SystemCoreClock
 *(COMMON)
                0x20004420                        . = ALIGN (0x4)
                0x20004420                        __bss_end__ = .

.heap           0x20004420        0x0
                0x20004420                        . = ALIGN (0x8)
                0x20004420                        __HeapBase = .
 *(.heap)
                0x20004420                        __HeapLimit = .

.stack_dummy    0x20004420      0xc00
                0x20004420                        . = ALIGN (0x8)
                0x20004420                        __StackLimit = .
 *(.stack)
 .stack         0x20004420      0x400 ./ra/fsp/src/bsp/cmsis/Device/RENESAS/Source/startup.o
                0x20004820                        __StackTop = .
 *(.stack*)
 .stack.blinky_thread
                0x20004820      0x400 ./ra_gen/blinky_thread.o
 .stack.led_rate_thread
                0x20004c20      0x400 ./ra_gen/led_rate_thread.o
                0x20005020                        __StackTopAll = .
                0x20005020                        PROVIDE (__stack = __StackTopAll)
                0x20005020                        __RAM_segment_used_end__ = ALIGN (__StackTopAll, 0x4)
                0x20005400                        __tz_RAM_C = DEFINED (RAM_NSC_START)?ABSOLUTE ((RAM_NSC_START - RAM_NS_BUFFER_BLOCK_LENGTH)):__RESERVE_NS_RAM?ABSOLUTE (RAM_NS_BUFFER_BLOCK_START):ALIGN (__RAM_segment_used_end__, 0x400)
                0x20006000                        __tz_RAM_N = DEFINED (RAM_NS_START)?ABSOLUTE ((RAM_NS_START - RAM_NS_BUFFER_BLOCK_LENGTH)):__RESERVE_NS_RAM?ABSOLUTE (RAM_NS_BUFFER_BLOCK_START):ALIGN (__tz_RAM_C, 0x2000)

.ns_buffer      0x20005020        0x0
                0x20005020                        . = __RESERVE_NS_RAM?ABSOLUTE ((RAM_NS_BUFFER_START & 0xffffffe0)):.
 *(.ns_buffer*)

.data_flash     0x40100000        0x0
                0x40100000                        . = ORIGIN (DATA_FLASH)
                0x40100000                        __tz_DATA_FLASH_S = .
                0x40100000                        __Data_Flash_Start = .
 *(.data_flash*)
                0x40100000                        __Data_Flash_End = .
                0x40100000                        __tz_DATA_FLASH_N = DEFINED (DATA_FLASH_NS_START)?ABSOLUTE (DATA_FLASH_NS_START):__RESERVE_NS_RAM?ABSOLUTE ((DATA_FLASH_START + DATA_FLASH_LENGTH)):ALIGN (0x400)
                0x80010000                        __tz_SDRAM_S = ORIGIN (SDRAM)

.sdram          0x80010000        0x0
                0x80010000                        __SDRAM_Start = .
 *(.sdram*)
 *(.frame*)
                0x80010000                        __SDRAM_End = .
                0x80010000                        __tz_SDRAM_N = __SDRAM_End
                0x01010018                        __tz_ID_CODE_S = ORIGIN (ID_CODE)
                0x01010018                        __tz_ID_CODE_N = __tz_ID_CODE_S

.id_code        0x01010018       0x1c
                0x01010018                        __ID_Code_Start = .
 *(.id_code*)
 .id_code       0x01010018       0x1c ./ra/fsp/src/bsp/mcu/all/bsp_rom_registers.o
                0x01010034                        __ID_Code_End = .
                0x00000000                        __tz_OPTION_SETTING_S = ORIGIN (OPTION_SETTING_OFS)

.rel.dyn        0x01010034        0x0
 .rel.iplt      0x01010034        0x0 /Applications/Renesas e2 studio with RA FSP v5.5.0/toolchains/arm-gnu-toolchain-13.2.Rel1-darwin-arm64-arm-none-eabi/bin/../lib/gcc/arm-none-eabi/13.2.1/thumb/v8-m.base/nofp/crtbegin.o

.option_setting_ofs
                0x00000000        0x0
                0x00000000                        __OPTION_SETTING_OFS_Start = .
 *(.option_setting_ofs0)
                0x00000000                        . = PROJECT_SECURE_OR_FLAT?(__OPTION_SETTING_OFS_Start + 0x4):__OPTION_SETTING_OFS_Start
 *(.option_setting_ofs2)
                0x00000000                        . = PROJECT_SECURE_OR_FLAT?(__OPTION_SETTING_OFS_Start + 0x10):__OPTION_SETTING_OFS_Start
 *(.option_setting_dualsel)
                0x00000000                        __OPTION_SETTING_OFS_End = .

.option_setting_sas
                0x00000034        0x0
                0x00000034                        __OPTION_SETTING_SAS_Start = .
 *(.option_setting_sas)
                0x00000034                        __OPTION_SETTING_SAS_End = .
                0x00000080                        __tz_OPTION_SETTING_N = ABSOLUTE (OPTION_SETTING_START_NS)

.option_setting_ns
                0x00000000        0x0
                0x00000000                        __OPTION_SETTING_NS_Start = .
 *(.option_setting_ofs1)
                0x00000000                        . = USE_OPTION_SETTING_NS?(__OPTION_SETTING_NS_Start + 0x4):__OPTION_SETTING_NS_Start
 *(.option_setting_ofs3)
                0x00000000                        . = USE_OPTION_SETTING_NS?(__OPTION_SETTING_NS_Start + 0x10):__OPTION_SETTING_NS_Start
 *(.option_setting_banksel)
                0x00000000                        . = USE_OPTION_SETTING_NS?(__OPTION_SETTING_NS_Start + 0x40):__OPTION_SETTING_NS_Start
 *(.option_setting_bps0)
                0x00000000                        . = USE_OPTION_SETTING_NS?(__OPTION_SETTING_NS_Start + 0x44):__OPTION_SETTING_NS_Start
 *(.option_setting_bps1)
                0x00000000                        . = USE_OPTION_SETTING_NS?(__OPTION_SETTING_NS_Start + 0x48):__OPTION_SETTING_NS_Start
 *(.option_setting_bps2)
                0x00000000                        . = USE_OPTION_SETTING_NS?(__OPTION_SETTING_NS_Start + 0x4c):__OPTION_SETTING_NS_Start
 *(.option_setting_bps3)
                0x00000000                        . = USE_OPTION_SETTING_NS?(__OPTION_SETTING_NS_Start + 0x60):__OPTION_SETTING_NS_Start
 *(.option_setting_pbps0)
                0x00000000                        . = USE_OPTION_SETTING_NS?(__OPTION_SETTING_NS_Start + 0x64):__OPTION_SETTING_NS_Start
 *(.option_setting_pbps1)
                0x00000000                        . = USE_OPTION_SETTING_NS?(__OPTION_SETTING_NS_Start + 0x68):__OPTION_SETTING_NS_Start
 *(.option_setting_pbps2)
                0x00000000                        . = USE_OPTION_SETTING_NS?(__OPTION_SETTING_NS_Start + 0x6c):__OPTION_SETTING_NS_Start
 *(.option_setting_pbps3)
                0x00000000                        __OPTION_SETTING_NS_End = .
                0x80000000                        __tz_OPTION_SETTING_S_S = ORIGIN (OPTION_SETTING_S)

.option_setting_s
                0x80000000        0x0
                0x80000000                        __OPTION_SETTING_S_Start = .
 *(.option_setting_ofs1_sec)
                0x80000000                        . = PROJECT_SECURE_OR_FLAT?(__OPTION_SETTING_S_Start + 0x4):__OPTION_SETTING_S_Start
 *(.option_setting_ofs3_sec)
                0x80000000                        . = PROJECT_SECURE_OR_FLAT?(__OPTION_SETTING_S_Start + 0x10):__OPTION_SETTING_S_Start
 *(.option_setting_banksel_sec)
                0x80000000                        . = PROJECT_SECURE_OR_FLAT?(__OPTION_SETTING_S_Start + 0x40):__OPTION_SETTING_S_Start
 *(.option_setting_bps_sec0)
                0x80000000                        . = PROJECT_SECURE_OR_FLAT?(__OPTION_SETTING_S_Start + 0x44):__OPTION_SETTING_S_Start
 *(.option_setting_bps_sec1)
                0x80000000                        . = PROJECT_SECURE_OR_FLAT?(__OPTION_SETTING_S_Start + 0x48):__OPTION_SETTING_S_Start
 *(.option_setting_bps_sec2)
                0x80000000                        . = PROJECT_SECURE_OR_FLAT?(__OPTION_SETTING_S_Start + 0x4c):__OPTION_SETTING_S_Start
 *(.option_setting_bps_sec3)
                0x80000000                        . = PROJECT_SECURE_OR_FLAT?(__OPTION_SETTING_S_Start + 0x60):__OPTION_SETTING_S_Start
 *(.option_setting_pbps_sec0)
                0x80000000                        . = PROJECT_SECURE_OR_FLAT?(__OPTION_SETTING_S_Start + 0x64):__OPTION_SETTING_S_Start
 *(.option_setting_pbps_sec1)
                0x80000000                        . = PROJECT_SECURE_OR_FLAT?(__OPTION_SETTING_S_Start + 0x68):__OPTION_SETTING_S_Start
 *(.option_setting_pbps_sec2)
                0x80000000                        . = PROJECT_SECURE_OR_FLAT?(__OPTION_SETTING_S_Start + 0x6c):__OPTION_SETTING_S_Start
 *(.option_setting_pbps_sec3)
                0x80000000                        . = PROJECT_SECURE_OR_FLAT?(__OPTION_SETTING_S_Start + 0x80):__OPTION_SETTING_S_Start
 *(.option_setting_ofs1_sel)
                0x80000000                        . = PROJECT_SECURE_OR_FLAT?(__OPTION_SETTING_S_Start + 0x84):__OPTION_SETTING_S_Start
 *(.option_setting_ofs3_sel)
                0x80000000                        . = PROJECT_SECURE_OR_FLAT?(__OPTION_SETTING_S_Start + 0x90):__OPTION_SETTING_S_Start
 *(.option_setting_banksel_sel)
                0x80000000                        . = PROJECT_SECURE_OR_FLAT?(__OPTION_SETTING_S_Start + 0xc0):__OPTION_SETTING_S_Start
 *(.option_setting_bps_sel0)
                0x80000000                        . = PROJECT_SECURE_OR_FLAT?(__OPTION_SETTING_S_Start + 0xc4):__OPTION_SETTING_S_Start
 *(.option_setting_bps_sel1)
                0x80000000                        . = PROJECT_SECURE_OR_FLAT?(__OPTION_SETTING_S_Start + 0xc8):__OPTION_SETTING_S_Start
 *(.option_setting_bps_sel2)
                0x80000000                        . = PROJECT_SECURE_OR_FLAT?(__OPTION_SETTING_S_Start + 0xcc):__OPTION_SETTING_S_Start
 *(.option_setting_bps_sel3)
                0x80000000                        __OPTION_SETTING_S_End = .
                0x80000000                        __tz_OPTION_SETTING_S_N = __OPTION_SETTING_S_End
OUTPUT(threadx_example.elf elf32-littlearm)
LOAD linker stubs

.ARM.attributes
                0x00000000       0x2c
 .ARM.attributes
                0x00000000       0x22 /Applications/Renesas e2 studio with RA FSP v5.5.0/toolchains/arm-gnu-toolchain-13.2.Rel1-darwin-arm64-arm-none-eabi/bin/../lib/gcc/arm-none-eabi/13.2.1/thumb/v8-m.base/nofp/crti.o
 .ARM.attributes
                0x00000022       0x30 /Applications/Renesas e2 studio with RA FSP v5.5.0/toolchains/arm-gnu-toolchain-13.2.Rel1-darwin-arm64-arm-none-eabi/bin/../lib/gcc/arm-none-eabi/13.2.1/thumb/v8-m.base/nofp/crtbegin.o
 .ARM.attributes
                0x00000052       0x30 ./src/blinky_thread_entry.o
 .ARM.attributes
                0x00000082       0x30 ./src/globals.o
 .ARM.attributes
                0x000000b2       0x30 ./src/hal_entry.o
 .ARM.attributes
                0x000000e2       0x30 ./src/led_rate_thread_entry.o
 .ARM.attributes
                0x00000112       0x30 ./ra_gen/blinky_thread.o
 .ARM.attributes
                0x00000142       0x30 ./ra_gen/common_data.o
 .ARM.attributes
                0x00000172       0x30 ./ra_gen/hal_data.o
 .ARM.attributes
                0x000001a2       0x30 ./ra_gen/led_rate_thread.o
 .ARM.attributes
                0x000001d2       0x30 ./ra_gen/main.o
 .ARM.attributes
                0x00000202       0x30 ./ra_gen/pin_data.o
 .ARM.attributes
                0x00000232       0x30 ./ra_gen/vector_data.o
 .ARM.attributes
                0x00000262       0x30 ./ra/microsoft/azure-rtos/threadx/common/src/tx_initialize_high_level.o
 .ARM.attributes
                0x00000292       0x30 ./ra/microsoft/azure-rtos/threadx/common/src/tx_initialize_kernel_enter.o
 .ARM.attributes
                0x000002c2       0x30 ./ra/microsoft/azure-rtos/threadx/common/src/tx_semaphore_cleanup.o
 .ARM.attributes
                0x000002f2       0x30 ./ra/microsoft/azure-rtos/threadx/common/src/tx_semaphore_create.o
 .ARM.attributes
                0x00000322       0x30 ./ra/microsoft/azure-rtos/threadx/common/src/tx_semaphore_get.o
 .ARM.attributes
                0x00000352       0x30 ./ra/microsoft/azure-rtos/threadx/common/src/tx_semaphore_put.o
 .ARM.attributes
                0x00000382       0x30 ./ra/microsoft/azure-rtos/threadx/common/src/tx_thread_create.o
 .ARM.attributes
                0x000003b2       0x30 ./ra/microsoft/azure-rtos/threadx/common/src/tx_thread_initialize.o
 .ARM.attributes
                0x000003e2       0x30 ./ra/microsoft/azure-rtos/threadx/common/src/tx_thread_shell_entry.o
 .ARM.attributes
                0x00000412       0x30 ./ra/microsoft/azure-rtos/threadx/common/src/tx_thread_sleep.o
 .ARM.attributes
                0x00000442       0x30 ./ra/microsoft/azure-rtos/threadx/common/src/tx_thread_system_preempt_check.o
 .ARM.attributes
                0x00000472       0x30 ./ra/microsoft/azure-rtos/threadx/common/src/tx_thread_system_resume.o
 .ARM.attributes
                0x000004a2       0x30 ./ra/microsoft/azure-rtos/threadx/common/src/tx_thread_system_suspend.o
 .ARM.attributes
                0x000004d2       0x30 ./ra/microsoft/azure-rtos/threadx/common/src/tx_thread_time_slice.o
 .ARM.attributes
                0x00000502       0x30 ./ra/microsoft/azure-rtos/threadx/common/src/tx_thread_timeout.o
 .ARM.attributes
                0x00000532       0x30 ./ra/microsoft/azure-rtos/threadx/common/src/tx_timer_expiration_process.o
 .ARM.attributes
                0x00000562       0x30 ./ra/microsoft/azure-rtos/threadx/common/src/tx_timer_initialize.o
 .ARM.attributes
                0x00000592       0x30 ./ra/microsoft/azure-rtos/threadx/common/src/tx_timer_system_activate.o
 .ARM.attributes
                0x000005c2       0x30 ./ra/microsoft/azure-rtos/threadx/common/src/tx_timer_system_deactivate.o
 .ARM.attributes
                0x000005f2       0x30 ./ra/microsoft/azure-rtos/threadx/common/src/txe_semaphore_create.o
 .ARM.attributes
                0x00000622       0x30 ./ra/microsoft/azure-rtos/threadx/common/src/txe_semaphore_get.o
 .ARM.attributes
                0x00000652       0x30 ./ra/microsoft/azure-rtos/threadx/common/src/txe_semaphore_put.o
 .ARM.attributes
                0x00000682       0x30 ./ra/microsoft/azure-rtos/threadx/common/src/txe_thread_create.o
 .ARM.attributes
                0x000006b2       0x30 ./ra/fsp/src/rm_threadx_port/tx_initialize_low_level.o
 .ARM.attributes
                0x000006e2       0x30 ./ra/fsp/src/rm_threadx_port/tx_port_wait_thread_ready.o
 .ARM.attributes
                0x00000712       0x30 ./ra/fsp/src/rm_threadx_port/tx_thread_schedule.o
 .ARM.attributes
                0x00000742       0x30 ./ra/fsp/src/rm_threadx_port/tx_thread_stack_build.o
 .ARM.attributes
                0x00000772       0x30 ./ra/fsp/src/rm_threadx_port/tx_timer_interrupt.o
 .ARM.attributes
                0x000007a2       0x30 ./ra/fsp/src/r_ioport/r_ioport.o
 .ARM.attributes
                0x000007d2       0x30 ./ra/fsp/src/r_icu/r_icu.o
 .ARM.attributes
                0x00000802       0x30 ./ra/fsp/src/bsp/mcu/all/bsp_clocks.o
 .ARM.attributes
                0x00000832       0x30 ./ra/fsp/src/bsp/mcu/all/bsp_common.o
 .ARM.attributes
                0x00000862       0x30 ./ra/fsp/src/bsp/mcu/all/bsp_group_irq.o
 .ARM.attributes
                0x00000892       0x30 ./ra/fsp/src/bsp/mcu/all/bsp_io.o
 .ARM.attributes
                0x000008c2       0x30 ./ra/fsp/src/bsp/mcu/all/bsp_irq.o
 .ARM.attributes
                0x000008f2       0x30 ./ra/fsp/src/bsp/mcu/all/bsp_rom_registers.o
 .ARM.attributes
                0x00000922       0x30 ./ra/fsp/src/bsp/cmsis/Device/RENESAS/Source/startup.o
 .ARM.attributes
                0x00000952       0x30 ./ra/fsp/src/bsp/cmsis/Device/RENESAS/Source/system.o
 .ARM.attributes
                0x00000982       0x30 ./ra/board/ra0e1_fpb/board_init.o
 .ARM.attributes
                0x000009b2       0x30 ./ra/board/ra0e1_fpb/board_leds.o
 .ARM.attributes
                0x000009e2       0x22 /Applications/Renesas e2 studio with RA FSP v5.5.0/toolchains/arm-gnu-toolchain-13.2.Rel1-darwin-arm64-arm-none-eabi/bin/../lib/gcc/arm-none-eabi/13.2.1/thumb/v8-m.base/nofp/libgcc.a(_clzsi2.o)
 .ARM.attributes
                0x00000a04       0x30 /Applications/Renesas e2 studio with RA FSP v5.5.0/toolchains/arm-gnu-toolchain-13.2.Rel1-darwin-arm64-arm-none-eabi/bin/../lib/gcc/arm-none-eabi/13.2.1/../../../../arm-none-eabi/lib/thumb/v8-m.base/nofp/libg_nano.a(libc_a-memset.o)
 .ARM.attributes
                0x00000a34       0x30 /Applications/Renesas e2 studio with RA FSP v5.5.0/toolchains/arm-gnu-toolchain-13.2.Rel1-darwin-arm64-arm-none-eabi/bin/../lib/gcc/arm-none-eabi/13.2.1/../../../../arm-none-eabi/lib/thumb/v8-m.base/nofp/libg_nano.a(libc_a-memcpy-stub.o)
 .ARM.attributes
                0x00000a64       0x30 /Applications/Renesas e2 studio with RA FSP v5.5.0/toolchains/arm-gnu-toolchain-13.2.Rel1-darwin-arm64-arm-none-eabi/bin/../lib/gcc/arm-none-eabi/13.2.1/thumb/v8-m.base/nofp/crtend.o
 .ARM.attributes
                0x00000a94       0x22 /Applications/Renesas e2 studio with RA FSP v5.5.0/toolchains/arm-gnu-toolchain-13.2.Rel1-darwin-arm64-arm-none-eabi/bin/../lib/gcc/arm-none-eabi/13.2.1/thumb/v8-m.base/nofp/crtn.o

.comment        0x00000000       0x44
 .comment       0x00000000       0x44 ./src/blinky_thread_entry.o
                                 0x45 (size before relaxing)
 .comment       0x00000044       0x45 ./src/globals.o
 .comment       0x00000044       0x45 ./src/hal_entry.o
 .comment       0x00000044       0x45 ./src/led_rate_thread_entry.o
 .comment       0x00000044       0x45 ./ra_gen/blinky_thread.o
 .comment       0x00000044       0x45 ./ra_gen/common_data.o
 .comment       0x00000044       0x45 ./ra_gen/hal_data.o
 .comment       0x00000044       0x45 ./ra_gen/led_rate_thread.o
 .comment       0x00000044       0x45 ./ra_gen/main.o
 .comment       0x00000044       0x45 ./ra_gen/pin_data.o
 .comment       0x00000044       0x45 ./ra_gen/vector_data.o
 .comment       0x00000044       0x45 ./ra/microsoft/azure-rtos/threadx/common/src/tx_initialize_high_level.o
 .comment       0x00000044       0x45 ./ra/microsoft/azure-rtos/threadx/common/src/tx_initialize_kernel_enter.o
 .comment       0x00000044       0x45 ./ra/microsoft/azure-rtos/threadx/common/src/tx_semaphore_cleanup.o
 .comment       0x00000044       0x45 ./ra/microsoft/azure-rtos/threadx/common/src/tx_semaphore_create.o
 .comment       0x00000044       0x45 ./ra/microsoft/azure-rtos/threadx/common/src/tx_semaphore_get.o
 .comment       0x00000044       0x45 ./ra/microsoft/azure-rtos/threadx/common/src/tx_semaphore_put.o
 .comment       0x00000044       0x45 ./ra/microsoft/azure-rtos/threadx/common/src/tx_thread_create.o
 .comment       0x00000044       0x45 ./ra/microsoft/azure-rtos/threadx/common/src/tx_thread_initialize.o
 .comment       0x00000044       0x45 ./ra/microsoft/azure-rtos/threadx/common/src/tx_thread_shell_entry.o
 .comment       0x00000044       0x45 ./ra/microsoft/azure-rtos/threadx/common/src/tx_thread_sleep.o
 .comment       0x00000044       0x45 ./ra/microsoft/azure-rtos/threadx/common/src/tx_thread_system_preempt_check.o
 .comment       0x00000044       0x45 ./ra/microsoft/azure-rtos/threadx/common/src/tx_thread_system_resume.o
 .comment       0x00000044       0x45 ./ra/microsoft/azure-rtos/threadx/common/src/tx_thread_system_suspend.o
 .comment       0x00000044       0x45 ./ra/microsoft/azure-rtos/threadx/common/src/tx_thread_time_slice.o
 .comment       0x00000044       0x45 ./ra/microsoft/azure-rtos/threadx/common/src/tx_thread_timeout.o
 .comment       0x00000044       0x45 ./ra/microsoft/azure-rtos/threadx/common/src/tx_timer_expiration_process.o
 .comment       0x00000044       0x45 ./ra/microsoft/azure-rtos/threadx/common/src/tx_timer_initialize.o
 .comment       0x00000044       0x45 ./ra/microsoft/azure-rtos/threadx/common/src/tx_timer_system_activate.o
 .comment       0x00000044       0x45 ./ra/microsoft/azure-rtos/threadx/common/src/tx_timer_system_deactivate.o
 .comment       0x00000044       0x45 ./ra/microsoft/azure-rtos/threadx/common/src/txe_semaphore_create.o
 .comment       0x00000044       0x45 ./ra/microsoft/azure-rtos/threadx/common/src/txe_semaphore_get.o
 .comment       0x00000044       0x45 ./ra/microsoft/azure-rtos/threadx/common/src/txe_semaphore_put.o
 .comment       0x00000044       0x45 ./ra/microsoft/azure-rtos/threadx/common/src/txe_thread_create.o
 .comment       0x00000044       0x45 ./ra/fsp/src/rm_threadx_port/tx_initialize_low_level.o
 .comment       0x00000044       0x45 ./ra/fsp/src/rm_threadx_port/tx_port_wait_thread_ready.o
 .comment       0x00000044       0x45 ./ra/fsp/src/rm_threadx_port/tx_thread_schedule.o
 .comment       0x00000044       0x45 ./ra/fsp/src/rm_threadx_port/tx_thread_stack_build.o
 .comment       0x00000044       0x45 ./ra/fsp/src/rm_threadx_port/tx_timer_interrupt.o
 .comment       0x00000044       0x45 ./ra/fsp/src/r_ioport/r_ioport.o
 .comment       0x00000044       0x45 ./ra/fsp/src/r_icu/r_icu.o
 .comment       0x00000044       0x45 ./ra/fsp/src/bsp/mcu/all/bsp_clocks.o
 .comment       0x00000044       0x45 ./ra/fsp/src/bsp/mcu/all/bsp_common.o
 .comment       0x00000044       0x45 ./ra/fsp/src/bsp/mcu/all/bsp_group_irq.o
 .comment       0x00000044       0x45 ./ra/fsp/src/bsp/mcu/all/bsp_io.o
 .comment       0x00000044       0x45 ./ra/fsp/src/bsp/mcu/all/bsp_irq.o
 .comment       0x00000044       0x45 ./ra/fsp/src/bsp/mcu/all/bsp_rom_registers.o
 .comment       0x00000044       0x45 ./ra/fsp/src/bsp/cmsis/Device/RENESAS/Source/startup.o
 .comment       0x00000044       0x45 ./ra/fsp/src/bsp/cmsis/Device/RENESAS/Source/system.o
 .comment       0x00000044       0x45 ./ra/board/ra0e1_fpb/board_init.o
 .comment       0x00000044       0x45 ./ra/board/ra0e1_fpb/board_leds.o

.debug_info     0x00000000    0x1b793
 .debug_info    0x00000000      0xc72 ./src/blinky_thread_entry.o
 .debug_info    0x00000c72       0x8f ./src/globals.o
 .debug_info    0x00000d01     0x1dd7 ./src/hal_entry.o
 .debug_info    0x00002ad8      0x12d ./src/led_rate_thread_entry.o
 .debug_info    0x00002c05      0x5e2 ./ra_gen/blinky_thread.o
 .debug_info    0x000031e7     0x1a92 ./ra_gen/common_data.o
 .debug_info    0x00004c79       0xad ./ra_gen/hal_data.o
 .debug_info    0x00004d26      0x5e2 ./ra_gen/led_rate_thread.o
 .debug_info    0x00005308      0x6f9 ./ra_gen/main.o
 .debug_info    0x00005a01      0x94b ./ra_gen/pin_data.o
 .debug_info    0x0000634c       0xc2 ./ra_gen/vector_data.o
 .debug_info    0x0000640e      0x8d5 ./ra/microsoft/azure-rtos/threadx/common/src/tx_initialize_high_level.o
 .debug_info    0x00006ce3      0x123 ./ra/microsoft/azure-rtos/threadx/common/src/tx_initialize_kernel_enter.o
 .debug_info    0x00006e06      0x690 ./ra/microsoft/azure-rtos/threadx/common/src/tx_semaphore_cleanup.o
 .debug_info    0x00007496      0x643 ./ra/microsoft/azure-rtos/threadx/common/src/tx_semaphore_create.o
 .debug_info    0x00007ad9      0x673 ./ra/microsoft/azure-rtos/threadx/common/src/tx_semaphore_get.o
 .debug_info    0x0000814c      0x639 ./ra/microsoft/azure-rtos/threadx/common/src/tx_semaphore_put.o
 .debug_info    0x00008785      0x81b ./ra/microsoft/azure-rtos/threadx/common/src/tx_thread_create.o
 .debug_info    0x00008fa0      0x5dd ./ra/microsoft/azure-rtos/threadx/common/src/tx_thread_initialize.o
 .debug_info    0x0000957d      0x580 ./ra/microsoft/azure-rtos/threadx/common/src/tx_thread_shell_entry.o
 .debug_info    0x00009afd      0x622 ./ra/microsoft/azure-rtos/threadx/common/src/tx_thread_sleep.o
 .debug_info    0x0000a11f      0x6cd ./ra/microsoft/azure-rtos/threadx/common/src/tx_thread_system_preempt_check.o
 .debug_info    0x0000a7ec      0x859 ./ra/microsoft/azure-rtos/threadx/common/src/tx_thread_system_resume.o
 .debug_info    0x0000b045      0x9a0 ./ra/microsoft/azure-rtos/threadx/common/src/tx_thread_system_suspend.o
 .debug_info    0x0000b9e5      0x564 ./ra/microsoft/azure-rtos/threadx/common/src/tx_thread_time_slice.o
 .debug_info    0x0000bf49      0x5ca ./ra/microsoft/azure-rtos/threadx/common/src/tx_thread_timeout.o
 .debug_info    0x0000c513      0x3d1 ./ra/microsoft/azure-rtos/threadx/common/src/tx_timer_expiration_process.o
 .debug_info    0x0000c8e4      0x2e6 ./ra/microsoft/azure-rtos/threadx/common/src/tx_timer_initialize.o
 .debug_info    0x0000cbca      0x1da ./ra/microsoft/azure-rtos/threadx/common/src/tx_timer_system_activate.o
 .debug_info    0x0000cda4      0x183 ./ra/microsoft/azure-rtos/threadx/common/src/tx_timer_system_deactivate.o
 .debug_info    0x0000cf27      0x74e ./ra/microsoft/azure-rtos/threadx/common/src/txe_semaphore_create.o
 .debug_info    0x0000d675      0x58a ./ra/microsoft/azure-rtos/threadx/common/src/txe_semaphore_get.o
 .debug_info    0x0000dbff      0x4f6 ./ra/microsoft/azure-rtos/threadx/common/src/txe_semaphore_put.o
 .debug_info    0x0000e0f5      0x7e1 ./ra/microsoft/azure-rtos/threadx/common/src/txe_thread_create.o
 .debug_info    0x0000e8d6      0x55d ./ra/fsp/src/rm_threadx_port/tx_initialize_low_level.o
 .debug_info    0x0000ee33     0x1131 ./ra/fsp/src/rm_threadx_port/tx_port_wait_thread_ready.o
 .debug_info    0x0000ff64      0x673 ./ra/fsp/src/rm_threadx_port/tx_thread_schedule.o
 .debug_info    0x000105d7      0x4c8 ./ra/fsp/src/rm_threadx_port/tx_thread_stack_build.o
 .debug_info    0x00010a9f      0x5d6 ./ra/fsp/src/rm_threadx_port/tx_timer_interrupt.o
 .debug_info    0x00011075     0x2467 ./ra/fsp/src/r_ioport/r_ioport.o
 .debug_info    0x000134dc     0x1ee2 ./ra/fsp/src/r_icu/r_icu.o
 .debug_info    0x000153be     0x2dd1 ./ra/fsp/src/bsp/mcu/all/bsp_clocks.o
 .debug_info    0x0001818f      0x93b ./ra/fsp/src/bsp/mcu/all/bsp_common.o
 .debug_info    0x00018aca     0x17fb ./ra/fsp/src/bsp/mcu/all/bsp_group_irq.o
 .debug_info    0x0001a2c5       0xb2 ./ra/fsp/src/bsp/mcu/all/bsp_io.o
 .debug_info    0x0001a377      0x5e8 ./ra/fsp/src/bsp/mcu/all/bsp_irq.o
 .debug_info    0x0001a95f       0xe1 ./ra/fsp/src/bsp/mcu/all/bsp_rom_registers.o
 .debug_info    0x0001aa40      0x168 ./ra/fsp/src/bsp/cmsis/Device/RENESAS/Source/startup.o
 .debug_info    0x0001aba8      0x3a8 ./ra/fsp/src/bsp/cmsis/Device/RENESAS/Source/system.o
 .debug_info    0x0001af50       0xa5 ./ra/board/ra0e1_fpb/board_init.o
 .debug_info    0x0001aff5      0x79e ./ra/board/ra0e1_fpb/board_leds.o

.debug_abbrev   0x00000000     0x5365
 .debug_abbrev  0x00000000      0x300 ./src/blinky_thread_entry.o
 .debug_abbrev  0x00000300       0x48 ./src/globals.o
 .debug_abbrev  0x00000348      0x218 ./src/hal_entry.o
 .debug_abbrev  0x00000560       0xa0 ./src/led_rate_thread_entry.o
 .debug_abbrev  0x00000600      0x19b ./ra_gen/blinky_thread.o
 .debug_abbrev  0x0000079b      0x1cf ./ra_gen/common_data.o
 .debug_abbrev  0x0000096a       0x5f ./ra_gen/hal_data.o
 .debug_abbrev  0x000009c9      0x19b ./ra_gen/led_rate_thread.o
 .debug_abbrev  0x00000b64      0x1a0 ./ra_gen/main.o
 .debug_abbrev  0x00000d04       0xe0 ./ra_gen/pin_data.o
 .debug_abbrev  0x00000de4       0x84 ./ra_gen/vector_data.o
 .debug_abbrev  0x00000e68      0x10f ./ra/microsoft/azure-rtos/threadx/common/src/tx_initialize_high_level.o
 .debug_abbrev  0x00000f77       0xd7 ./ra/microsoft/azure-rtos/threadx/common/src/tx_initialize_kernel_enter.o
 .debug_abbrev  0x0000104e      0x1d2 ./ra/microsoft/azure-rtos/threadx/common/src/tx_semaphore_cleanup.o
 .debug_abbrev  0x00001220      0x1c7 ./ra/microsoft/azure-rtos/threadx/common/src/tx_semaphore_create.o